Component: ARM Compiler 5.06 update 5 (build 528) Tool: armlink [4d35e2]

==============================================================================

Section Cross References

    startup_stm32f10x_md.o(STACK) refers (Special) to heapauxi.o(.text) for __use_two_region_memory
    startup_stm32f10x_md.o(HEAP) refers (Special) to heapauxi.o(.text) for __use_two_region_memory
    startup_stm32f10x_md.o(RESET) refers (Special) to heapauxi.o(.text) for __use_two_region_memory
    startup_stm32f10x_md.o(RESET) refers to startup_stm32f10x_md.o(STACK) for __initial_sp
    startup_stm32f10x_md.o(RESET) refers to startup_stm32f10x_md.o(.text) for Reset_Handler
    startup_stm32f10x_md.o(RESET) refers to stm32f10x_it.o(i.NMI_Handler) for NMI_Handler
    startup_stm32f10x_md.o(RESET) refers to stm32f10x_it.o(i.HardFault_Handler) for HardFault_Handler
    startup_stm32f10x_md.o(RESET) refers to stm32f10x_it.o(i.MemManage_Handler) for MemManage_Handler
    startup_stm32f10x_md.o(RESET) refers to stm32f10x_it.o(i.BusFault_Handler) for BusFault_Handler
    startup_stm32f10x_md.o(RESET) refers to stm32f10x_it.o(i.UsageFault_Handler) for UsageFault_Handler
    startup_stm32f10x_md.o(RESET) refers to stm32f10x_it.o(i.SVC_Handler) for SVC_Handler
    startup_stm32f10x_md.o(RESET) refers to stm32f10x_it.o(i.DebugMon_Handler) for DebugMon_Handler
    startup_stm32f10x_md.o(RESET) refers to stm32f10x_it.o(i.PendSV_Handler) for PendSV_Handler
    startup_stm32f10x_md.o(RESET) refers to stm32f10x_it.o(i.SysTick_Handler) for SysTick_Handler
    startup_stm32f10x_md.o(RESET) refers to tim2.o(i.TIM2_IRQHandler) for TIM2_IRQHandler
    startup_stm32f10x_md.o(RESET) refers to tim3.o(i.TIM3_IRQHandler) for TIM3_IRQHandler
    startup_stm32f10x_md.o(RESET) refers to hc_sr04.o(i.TIM4_IRQHandler) for TIM4_IRQHandler
    startup_stm32f10x_md.o(RESET) refers to usart.o(i.USART1_IRQHandler) for USART1_IRQHandler
    startup_stm32f10x_md.o(RESET) refers to usart.o(i.USART2_IRQHandler) for USART2_IRQHandler
    startup_stm32f10x_md.o(.text) refers (Special) to heapauxi.o(.text) for __use_two_region_memory
    startup_stm32f10x_md.o(.text) refers to system_stm32f10x.o(i.SystemInit) for SystemInit
    startup_stm32f10x_md.o(.text) refers to __main.o(!!!main) for __main
    startup_stm32f10x_md.o(.text) refers to startup_stm32f10x_md.o(HEAP) for Heap_Mem
    startup_stm32f10x_md.o(.text) refers to startup_stm32f10x_md.o(STACK) for Stack_Mem
    system_stm32f10x.o(i.SetSysClock) refers to system_stm32f10x.o(i.SetSysClockTo72) for SetSysClockTo72
    system_stm32f10x.o(i.SystemCoreClockUpdate) refers to system_stm32f10x.o(.data) for SystemCoreClock
    system_stm32f10x.o(i.SystemInit) refers to system_stm32f10x.o(i.SetSysClock) for SetSysClock
    stm32f10x_adc.o(i.ADC_DeInit) refers to stm32f10x_rcc.o(i.RCC_APB2PeriphResetCmd) for RCC_APB2PeriphResetCmd
    stm32f10x_bkp.o(i.BKP_DeInit) refers to stm32f10x_rcc.o(i.RCC_BackupResetCmd) for RCC_BackupResetCmd
    stm32f10x_can.o(i.CAN_DeInit) refers to stm32f10x_rcc.o(i.RCC_APB1PeriphResetCmd) for RCC_APB1PeriphResetCmd
    stm32f10x_can.o(i.CAN_GetITStatus) refers to stm32f10x_can.o(i.CheckITStatus) for CheckITStatus
    stm32f10x_cec.o(i.CEC_DeInit) refers to stm32f10x_rcc.o(i.RCC_APB1PeriphResetCmd) for RCC_APB1PeriphResetCmd
    stm32f10x_dac.o(i.DAC_DeInit) refers to stm32f10x_rcc.o(i.RCC_APB1PeriphResetCmd) for RCC_APB1PeriphResetCmd
    stm32f10x_flash.o(i.FLASH_EnableWriteProtection) refers to stm32f10x_flash.o(i.FLASH_WaitForLastOperation) for FLASH_WaitForLastOperation
    stm32f10x_flash.o(i.FLASH_EraseAllBank1Pages) refers to stm32f10x_flash.o(i.FLASH_WaitForLastBank1Operation) for FLASH_WaitForLastBank1Operation
    stm32f10x_flash.o(i.FLASH_EraseAllPages) refers to stm32f10x_flash.o(i.FLASH_WaitForLastOperation) for FLASH_WaitForLastOperation
    stm32f10x_flash.o(i.FLASH_EraseOptionBytes) refers to stm32f10x_flash.o(i.FLASH_GetReadOutProtectionStatus) for FLASH_GetReadOutProtectionStatus
    stm32f10x_flash.o(i.FLASH_EraseOptionBytes) refers to stm32f10x_flash.o(i.FLASH_WaitForLastOperation) for FLASH_WaitForLastOperation
    stm32f10x_flash.o(i.FLASH_ErasePage) refers to stm32f10x_flash.o(i.FLASH_WaitForLastOperation) for FLASH_WaitForLastOperation
    stm32f10x_flash.o(i.FLASH_ProgramHalfWord) refers to stm32f10x_flash.o(i.FLASH_WaitForLastOperation) for FLASH_WaitForLastOperation
    stm32f10x_flash.o(i.FLASH_ProgramOptionByteData) refers to stm32f10x_flash.o(i.FLASH_WaitForLastOperation) for FLASH_WaitForLastOperation
    stm32f10x_flash.o(i.FLASH_ProgramWord) refers to stm32f10x_flash.o(i.FLASH_WaitForLastOperation) for FLASH_WaitForLastOperation
    stm32f10x_flash.o(i.FLASH_ReadOutProtection) refers to stm32f10x_flash.o(i.FLASH_WaitForLastOperation) for FLASH_WaitForLastOperation
    stm32f10x_flash.o(i.FLASH_UserOptionByteConfig) refers to stm32f10x_flash.o(i.FLASH_WaitForLastOperation) for FLASH_WaitForLastOperation
[...]
    __rt_lib_init_alloca_1                   0x08000173   Thumb Code     0  libinit2.o(.ARM.Collect$$libinit$$0000002E)
    __rt_lib_init_argv_1                     0x08000173   Thumb Code     0  libinit2.o(.ARM.Collect$$libinit$$0000002C)
    __rt_lib_init_atexit_1                   0x08000173   Thumb Code     0  libinit2.o(.ARM.Collect$$libinit$$0000001B)
    __rt_lib_init_clock_1                    0x08000173   Thumb Code     0  libinit2.o(.ARM.Collect$$libinit$$00000021)
    __rt_lib_init_cpp_1                      0x08000173   Thumb Code     0  libinit2.o(.ARM.Collect$$libinit$$00000032)
    __rt_lib_init_exceptions_1               0x08000173   Thumb Code     0  libinit2.o(.ARM.Collect$$libinit$$00000030)
    __rt_lib_init_fp_1                       0x08000173   Thumb Code     0  libinit2.o(.ARM.Collect$$libinit$$00000002)
    __rt_lib_init_fp_trap_1                  0x08000173   Thumb Code     0  libinit2.o(.ARM.Collect$$libinit$$0000001F)
    __rt_lib_init_getenv_1                   0x08000173   Thumb Code     0  libinit2.o(.ARM.Collect$$libinit$$00000023)
    __rt_lib_init_heap_1                     0x08000173   Thumb Code     0  libinit2.o(.ARM.Collect$$libinit$$0000000A)
    __rt_lib_init_lc_collate_1               0x08000173   Thumb Code     0  libinit2.o(.ARM.Collect$$libinit$$00000011)
    __rt_lib_init_lc_ctype_1                 0x08000173   Thumb Code     0  libinit2.o(.ARM.Collect$$libinit$$00000013)
    __rt_lib_init_lc_monetary_1              0x08000173   Thumb Code     0  libinit2.o(.ARM.Collect$$libinit$$00000015)
    __rt_lib_init_lc_numeric_1               0x08000173   Thumb Code     0  libinit2.o(.ARM.Collect$$libinit$$00000017)
    __rt_lib_init_lc_time_1                  0x08000173   Thumb Code     0  libinit2.o(.ARM.Collect$$libinit$$00000019)
    __rt_lib_init_preinit_1                  0x08000173   Thumb Code     0  libinit2.o(.ARM.Collect$$libinit$$00000004)
    __rt_lib_init_rand_1                     0x08000173   Thumb Code     0  libinit2.o(.ARM.Collect$$libinit$$0000000E)
    __rt_lib_init_return                     0x08000173   Thumb Code     0  libinit2.o(.ARM.Collect$$libinit$$00000033)
    __rt_lib_init_signal_1                   0x08000173   Thumb Code     0  libinit2.o(.ARM.Collect$$libinit$$0000001D)
    __rt_lib_init_stdio_1                    0x08000173   Thumb Code     0  libinit2.o(.ARM.Collect$$libinit$$00000025)
    __rt_lib_init_user_alloc_1               0x08000173   Thumb Code     0  libinit2.o(.ARM.Collect$$libinit$$0000000C)
    __rt_lib_shutdown                        0x08000175   Thumb Code     0  libshutdown.o(.ARM.Collect$$libshutdown$$00000000)
    __rt_lib_shutdown_cpp_1                  0x08000177   Thumb Code     0  libshutdown2.o(.ARM.Collect$$libshutdown$$00000002)
    __rt_lib_shutdown_fp_trap_1              0x08000177   Thumb Code     0  libshutdown2.o(.ARM.Collect$$libshutdown$$00000007)
    __rt_lib_shutdown_heap_1                 0x08000177   Thumb Code     0  libshutdown2.o(.ARM.Collect$$libshutdown$$0000000F)
    __rt_lib_shutdown_return                 0x08000177   Thumb Code     0  libshutdown2.o(.ARM.Collect$$libshutdown$$00000010)
    __rt_lib_shutdown_signal_1               0x08000177   Thumb Code     0  libshutdown2.o(.ARM.Collect$$libshutdown$$0000000A)
    __rt_lib_shutdown_stdio_1                0x08000177   Thumb Code     0  libshutdown2.o(.ARM.Collect$$libshutdown$$00000004)
    __rt_lib_shutdown_user_alloc_1           0x08000177   Thumb Code     0  libshutdown2.o(.ARM.Collect$$libshutdown$$0000000C)
    __rt_entry                               0x08000179   Thumb Code     0  __rtentry.o(.ARM.Collect$$rtentry$$00000000)
    __rt_entry_presh_1                       0x08000179   Thumb Code     0  __rtentry2.o(.ARM.Collect$$rtentry$$00000002)
    __rt_entry_sh                            0x08000179   Thumb Code     0  __rtentry4.o(.ARM.Collect$$rtentry$$00000004)
    __rt_entry_li                            0x0800017f   Thumb Code     0  __rtentry2.o(.ARM.Collect$$rtentry$$0000000A)
    __rt_entry_postsh_1                      0x0800017f   Thumb Code     0  __rtentry2.o(.ARM.Collect$$rtentry$$00000009)
    __rt_entry_main                          0x08000183   Thumb Code     0  __rtentry2.o(.ARM.Collect$$rtentry$$0000000D)
    __rt_entry_postli_1                      0x08000183   Thumb Code     0  __rtentry2.o(.ARM.Collect$$rtentry$$0000000C)
    __rt_exit                                0x0800018b   Thumb Code     0  rtexit.o(.ARM.Collect$$rtexit$$00000000)
    __rt_exit_ls                             0x0800018d   Thumb Code     0  rtexit2.o(.ARM.Collect$$rtexit$$00000003)
    __rt_exit_prels_1                        0x0800018d   Thumb Code     0  rtexit2.o(.ARM.Collect$$rtexit$$00000002)
    __rt_exit_exit                           0x08000191   Thumb Code     0  rtexit2.o(.ARM.Collect$$rtexit$$00000004)
    Reset_Handler                            0x08000199   Thumb Code     8  startup_stm32f10x_md.o(.text)
    ADC1_2_IRQHandler                        0x080001b3   Thumb Code     0  startup_stm32f10x_md.o(.text)
    CAN1_RX1_IRQHandler                      0x080001b3   Thumb Code     0  startup_stm32f10x_md.o(.text)
    CAN1_SCE_IRQHandler                      0x080001b3   Thumb Code     0  startup_stm32f10x_md.o(.text)
    DMA1_Channel1_IRQHandler                 0x080001b3   Thumb Code     0  startup_stm32f10x_md.o(.text)
    DMA1_Channel2_IRQHandler                 0x080001b3   Thumb Code     0  startup_stm32f10x_md.o(.text)
    DMA1_Channel3_IRQHandler                 0x080001b3   Thumb Code     0  startup_stm32f10x_md.o(.text)
    DMA1_Channel4_IRQHandler                 0x080001b3   Thumb Code     0  startup_stm32f10x_md.o(.text)
    DMA1_Channel5_IRQHandler                 0x080001b3   Thumb Code     0  startup_stm32f10x_md.o(.text)
    DMA1_Channel6_IRQHandler                 0x080001b3   Thumb Code     0  startup_stm32f10x_md.o(.text)
    DMA1_Channel7_IRQHandler                 0x080001b3   Thumb Code     0  startup_stm32f10x_md.o(.text)
    EXTI0_IRQHandler                         0x080001b3   Thumb Code     0  startup_stm32f10x_md.o(.text)
    EXTI15_10_IRQHandler                     0x080001b3   Thumb Code     0  startup_stm32f10x_md.o(.text)
    EXTI1_IRQHandler                         0x080001b3   Thumb Code     0  startup_stm32f10x_md.o(.text)
    EXTI2_IRQHandler                         0x080001b3   Thumb Code     0  startup_stm32f10x_md.o(.text)
    EXTI3_IRQHandler                         0x080001b3   Thumb Code     0  startup_stm32f10x_md.o(.text)
    EXTI4_IRQHandler                         0x080001b3   Thumb Code     0  startup_stm32f10x_md.o(.text)
    EXTI9_5_IRQHandler                       0x080001b3   Thumb Code     0  startup_stm32f10x_md.o(.text)
    FLASH_IRQHandler                         0x080001b3   Thumb Code     0  startup_stm32f10x_md.o(.text)
    I2C1_ER_IRQHandler                       0x080001b3   Thumb Code     0  startup_stm32f10x_md.o(.text)
    I2C1_EV_IRQHandler                       0x080001b3   Thumb Code     0  startup_stm32f10x_md.o(.text)
    I2C2_ER_IRQHandler                       0x080001b3   Thumb Code     0  startup_stm32f10x_md.o(.text)
    I2C2_EV_IRQHandler                       0x080001b3   Thumb Code     0  startup_stm32f10x_md.o(.text)
    PVD_IRQHandler                           0x080001b3   Thumb Code     0  startup_stm32f10x_md.o(.text)
    RCC_IRQHandler                           0x080001b3   Thumb Code     0  startup_stm32f10x_md.o(.text)
    RTCAlarm_IRQHandler                      0x080001b3   Thumb Code     0  startup_stm32f10x_md.o(.text)
    RTC_IRQHandler                           0x080001b3   Thumb Code     0  startup_stm32f10x_md.o(.text)
    SPI1_IRQHandler                          0x080001b3   Thumb Code     0  startup_stm32f10x_md.o(.text)
    SPI2_IRQHandler                          0x080001b3   Thumb Code     0  startup_stm32f10x_md.o(.text)
    TAMPER_IRQHandler                        0x080001b3   Thumb Code     0  startup_stm32f10x_md.o(.text)
    TIM1_BRK_IRQHandler                      0x080001b3   Thumb Code     0  startup_stm32f10x_md.o(.text)
    TIM1_CC_IRQHandler                       0x080001b3   Thumb Code     0  startup_stm32f10x_md.o(.text)
    TIM1_TRG_COM_IRQHandler                  0x080001b3   Thumb Code     0  startup_stm32f10x_md.o(.text)
    TIM1_UP_IRQHandler                       0x080001b3   Thumb Code     0  startup_stm32f10x_md.o(.text)
    USART3_IRQHandler                        0x080001b3   Thumb Code     0  startup_stm32f10x_md.o(.text)
    USBWakeUp_IRQHandler                     0x080001b3   Thumb Code     0  startup_stm32f10x_md.o(.text)
    USB_HP_CAN1_TX_IRQHandler                0x080001b3   Thumb Code     0  startup_stm32f10x_md.o(.text)
    USB_LP_CAN1_RX0_IRQHandler               0x080001b3   Thumb Code     0  startup_stm32f10x_md.o(.text)
    WWDG_IRQHandler                          0x080001b3   Thumb Code     0  startup_stm32f10x_md.o(.text)
    __user_initial_stackheap                 0x080001b5   Thumb Code     0  startup_stm32f10x_md.o(.text)
    __use_no_semihosting                     0x080001d9   Thumb Code     2  use_no_semi_2.o(.text)
    free                                     0x080001db   Thumb Code    78  h1_free.o(.text)
    __2printf                                0x08000229   Thumb Code    20  noretval__2printf.o(.text)
    _printf_pre_padding                      0x08000241   Thumb Code    44  _printf_pad.o(.text)
    _printf_post_padding                     0x0800026d   Thumb Code    34  _printf_pad.o(.text)
    _printf_int_dec                          0x08000291   Thumb Code   104  _printf_dec.o(.text)
    _printf_int_hex                          0x08000309   Thumb Code    84  _printf_hex_int.o(.text)
    _printf_longlong_hex                     0x08000309   Thumb Code     0  _printf_hex_int.o(.text)
    __printf                                 0x08000361   Thumb Code   308  __printf_flags_wp.o(.text)
    __aeabi_memcpy                           0x08000499   Thumb Code     0  rt_memcpy_v6.o(.text)
    __rt_memcpy                              0x08000499   Thumb Code   138  rt_memcpy_v6.o(.text)
    _memcpy_lastbytes                        0x080004ff   Thumb Code     0  rt_memcpy_v6.o(.text)
    __aeabi_memcpy4                          0x08000523   Thumb Code     0  rt_memcpy_w.o(.text)
    __aeabi_memcpy8                          0x08000523   Thumb Code     0  rt_memcpy_w.o(.text)
    __rt_memcpy_w                            0x08000523   Thumb Code   100  rt_memcpy_w.o(.text)
    _memcpy_lastbytes_aligned                0x0800056b   Thumb Code     0  rt_memcpy_w.o(.text)
    __aeabi_memset                           0x08000587   Thumb Code    16  aeabi_memset.o(.text)
    __aeabi_memclr                           0x08000597   Thumb Code     0  rt_memclr.o(.text)
    __rt_memclr                              0x08000597   Thumb Code    68  rt_memclr.o(.text)
    _memset                                  0x0800059b   Thumb Code     0  rt_memclr.o(.text)
    __aeabi_memclr4                          0x080005db   Thumb Code     0  rt_memclr_w.o(.text)
    __aeabi_memclr8                          0x080005db   Thumb Code     0  rt_memclr_w.o(.text)
    __rt_memclr_w                            0x080005db   Thumb Code    78  rt_memclr_w.o(.text)
    _memset_w                                0x080005df   Thumb Code     0  rt_memclr_w.o(.text)
    localtime                                0x08000629   Thumb Code     6  localtime.o(.text)
    mktime                                   0x08000673   Thumb Code   356  mktime.o(.text)
    __use_two_region_memory                  0x080007e1   Thumb Code     2  heapauxi.o(.text)
    __rt_heap_escrow                         0x080007e3   Thumb Code     2  heapauxi.o(.text)
    __rt_heap_expand                         0x080007e5   Thumb Code     2  heapauxi.o(.text)
    __I$use$semihosting                      0x080007e7   Thumb Code     0  use_no_semi.o(.text)
    __use_no_semihosting_swi                 0x080007e7   Thumb Code     2  use_no_semi.o(.text)
    __rt_heap_descriptor                     0x080007e9   Thumb Code     8  rt_heap_descriptor_intlibspace.o(.text)
    __read_errno                             0x080007f1   Thumb Code    10  _rserrno.o(.text)
    __set_errno                              0x080007fb   Thumb Code    12  _rserrno.o(.text)
    _printf_int_common                       0x08000807   Thumb Code   178  _printf_intcommon.o(.text)
    _printf_char_file                        0x080008b9   Thumb Code    32  _printf_char_file.o(.text)
    _localtime_r                             0x080008dd   Thumb Code   178  localtime_internal.o(.text)
    _n$localtime_r                           0x080008dd   Thumb Code     0  localtime_internal.o(.text)
    __user_libspace                          0x08000995   Thumb Code     8  libspace.o(.text)
    __user_perproc_libspace                  0x08000995   Thumb Code     0  libspace.o(.text)
    __user_perthread_libspace                0x08000995   Thumb Code     0  libspace.o(.text)
    __aeabi_errno_addr                       0x0800099d   Thumb Code     8  rt_errno_addr_intlibspace.o(.text)
    __errno$intlibspace                      0x0800099d   Thumb Code     0  rt_errno_addr_intlibspace.o(.text)
    __rt_errno_addr$intlibspace              0x0800099d   Thumb Code     0  rt_errno_addr_intlibspace.o(.text)
    _printf_char_common                      0x080009af   Thumb Code    32  _printf_char_common.o(.text)
    ferror                                   0x080009d5   Thumb Code     8  ferror.o(.text)
    __user_setup_stackheap                   0x080009dd   Thumb Code    74  sys_stackheap_outer.o(.text)
    exit                                     0x08000a27   Thumb Code    18  exit.o(.text)
    ADCX_Init                                0x08000a39   Thumb Code   104  adcx.o(i.ADCX_Init)
    ADC_Cmd                                  0x08000aa5   Thumb Code    22  stm32f10x_adc.o(i.ADC_Cmd)
    ADC_GetCalibrationStatus                 0x08000abb   Thumb Code    20  stm32f10x_adc.o(i.ADC_GetCalibrationStatus)
    ADC_GetConversionValue                   0x08000acf   Thumb Code     8  stm32f10x_adc.o(i.ADC_GetConversionValue)
    ADC_GetFlagStatus                        0x08000ad7   Thumb Code    18  stm32f10x_adc.o(i.ADC_GetFlagStatus)
    ADC_GetResetCalibrationStatus            0x08000ae9   Thumb Code    20  stm32f10x_adc.o(i.ADC_GetResetCalibrationStatus)
    ADC_GetValue                             0x08000afd   Thumb Code    48  adcx.o(i.ADC_GetValue)
    ADC_Init                                 0x08000b31   Thumb Code    70  stm32f10x_adc.o(i.ADC_Init)
    ADC_RegularChannelConfig                 0x08000b81   Thumb Code   184  stm32f10x_adc.o(i.ADC_RegularChannelConfig)
    ADC_ResetCalibration                     0x08000c39   Thumb Code    10  stm32f10x_adc.o(i.ADC_ResetCalibration)
    ADC_SoftwareStartConvCmd                 0x08000c43   Thumb Code    22  stm32f10x_adc.o(i.ADC_SoftwareStartConvCmd)
    ADC_StartCalibration                     0x08000c59   Thumb Code    10  stm32f10x_adc.o(i.ADC_StartCalibration)
    BKP_ReadBackupRegister                   0x08000c65   Thumb Code    24  stm32f10x_bkp.o(i.BKP_ReadBackupRegister)
    BKP_WriteBackupRegister                  0x08000c81   Thumb Code    22  stm32f10x_bkp.o(i.BKP_WriteBackupRegister)
    BusFault_Handler                         0x08000c9d   Thumb Code     4  stm32f10x_it.o(i.BusFault_Handler)
    Buzzer_Init                              0x08000ca1   Thumb Code    46  buzzer.o(i.Buzzer_Init)
    Buzzer_OFF                               0x08000cd5   Thumb Code    18  buzzer.o(i.Buzzer_OFF)
    Buzzer_ON                                0x08000cf1   Thumb Code    18  buzzer.o(i.Buzzer_ON)
    DHT11_Init                               0x08000d0d   Thumb Code    12  dht11.o(i.DHT11_Init)
    DHT11_Mode                               0x08000d19   Thumb Code    52  dht11.o(i.DHT11_Mode)
    DHT11_Read_Byte                          0x08000d51   Thumb Code   144  dht11.o(i.DHT11_Read_Byte)
    DHT11_Read_Data                          0x08000de9   Thumb Code   110  dht11.o(i.DHT11_Read_Data)
    DHT11_Sends_Response                     0x08000e59   Thumb Code   100  dht11.o(i.DHT11_Sends_Response)
    DHT11_Sends_Start                        0x08000ec5   Thumb Code    42  dht11.o(i.DHT11_Sends_Start)
    DebugMon_Handler                         0x08000ef5   Thumb Code     2  stm32f10x_it.o(i.DebugMon_Handler)
    Delay_ms                                 0x08000ef7   Thumb Code    24  delay.o(i.Delay_ms)
    Delay_us                                 0x08000f0f   Thumb Code    46  delay.o(i.Delay_us)
    FLASH_ClearFlag                          0x08000f3d   Thumb Code     6  stm32f10x_flash.o(i.FLASH_ClearFlag)
    FLASH_ErasePage                          0x08000f49   Thumb Code    72  stm32f10x_flash.o(i.FLASH_ErasePage)
    FLASH_GetBank1Status                     0x08000f95   Thumb Code    48  stm32f10x_flash.o(i.FLASH_GetBank1Status)
    FLASH_Lock                               0x08000fc9   Thumb Code    14  stm32f10x_flash.o(i.FLASH_Lock)
    FLASH_ProgramHalfWord                    0x08000fdd   Thumb Code    60  stm32f10x_flash.o(i.FLASH_ProgramHalfWord)
    FLASH_R                                  0x0800101d   Thumb Code     6  flash.o(i.FLASH_R)
    FLASH_Unlock                             0x08001025   Thumb Code    12  stm32f10x_flash.o(i.FLASH_Unlock)
    FLASH_W                                  0x0800103d   Thumb Code    52  flash.o(i.FLASH_W)
    FLASH_WaitForLastOperation               0x08001071   Thumb Code    38  stm32f10x_flash.o(i.FLASH_WaitForLastOperation)
    GENERAL_TIM_Init                         0x08001097   Thumb Code    12  tim3.o(i.GENERAL_TIM_Init)
    GPIO_Init                                0x08001117   Thumb Code   278  stm32f10x_gpio.o(i.GPIO_Init)
    GPIO_ReadInputDataBit                    0x0800122d   Thumb Code    18  stm32f10x_gpio.o(i.GPIO_ReadInputDataBit)
    GPIO_ResetBits                           0x0800123f   Thumb Code     4  stm32f10x_gpio.o(i.GPIO_ResetBits)
    GPIO_SetBits                             0x08001243   Thumb Code     4  stm32f10x_gpio.o(i.GPIO_SetBits)
    GPIO_WriteBit                            0x08001247   Thumb Code    10  stm32f10x_gpio.o(i.GPIO_WriteBit)
    HC_SR04_Deboanle                         0x08001251   Thumb Code    44  hc_sr04.o(i.HC_SR04_Deboanle)
    HC_SR04_Delay100msRanging                0x0800127d   Thumb Code    28  hc_sr04.o(i.HC_SR04_Delay100msRanging)
    HC_SR04_Init                             0x0800129d   Thumb Code   178  hc_sr04.o(i.HC_SR04_Init)
    HC_SR04_Ranging                          0x08001359   Thumb Code   186  hc_sr04.o(i.HC_SR04_Ranging)
    HC_SR501_Init                            0x08001431   Thumb Code    50  hc_sr501.o(i.HC_SR501_Init)
    HC_SR501_Input                           0x08001469   Thumb Code    18  hc_sr501.o(i.HC_SR501_Input)
    HardFault_Handler                        0x08001481   Thumb Code     4  stm32f10x_it.o(i.HardFault_Handler)
    IWDG_Enable                              0x08001485   Thumb Code    10  stm32f10x_iwdg.o(i.IWDG_Enable)
    IWDG_Init                                0x08001495   Thumb Code    78  iwdg.o(i.IWDG_Init)
    IWDG_ReloadCounter                       0x08001509   Thumb Code    10  stm32f10x_iwdg.o(i.IWDG_ReloadCounter)
    IWDG_SetPrescaler                        0x08001519   Thumb Code     6  stm32f10x_iwdg.o(i.IWDG_SetPrescaler)
    IWDG_SetReload                           0x08001525   Thumb Code     6  stm32f10x_iwdg.o(i.IWDG_SetReload)
    IWDG_WriteAccessCmd                      0x08001531   Thumb Code     6  stm32f10x_iwdg.o(i.IWDG_WriteAccessCmd)
    Key_Init                                 0x0800153d   Thumb Code    40  key.o(i.Key_Init)
    Key_scan                                 0x08001569   Thumb Code   614  key.o(i.Key_scan)
    LDR_ADC_Read                             0x08001819   Thumb Code    12  ldr.o(i.LDR_ADC_Read)
    LDR_Average_Data                         0x08001825   Thumb Code    38  ldr.o(i.LDR_Average_Data)
    LDR_Init                                 0x0800184d   Thumb Code    38  ldr.o(i.LDR_Init)
    LDR_LuxData                              0x08001879   Thumb Code   132  ldr.o(i.LDR_LuxData)
    LED_APP_Command                          0x08001911   Thumb Code   262  led.o(i.LED_APP_Command)
    LED_Init                                 0x08001a2d   Thumb Code    50  led.o(i.LED_Init)
    LED_PWM_KEY                              0x08001a65   Thumb Code   128  led.o(i.LED_PWM_KEY)
    MemManage_Handler                        0x08001af5   Thumb Code     4  stm32f10x_it.o(i.MemManage_Handler)
    MyRTC_Init                               0x08001af9   Thumb Code   114  myrtc.o(i.MyRTC_Init)
    MyRTC_ReadTime                           0x08001b6d   Thumb Code    68  myrtc.o(i.MyRTC_ReadTime)
    MyRTC_SetTime                            0x08001bb5   Thumb Code    70  myrtc.o(i.MyRTC_SetTime)
    NMI_Handler                              0x08001c01   Thumb Code     2  stm32f10x_it.o(i.NMI_Handler)
    NVIC_Init                                0x08001c05   Thumb Code   100  misc_1.o(i.NVIC_Init)
    NVIC_PriorityGroupConfig                 0x08001c75   Thumb Code    10  misc_1.o(i.NVIC_PriorityGroupConfig)
    OLED_Clear                               0x08001c89   Thumb Code    42  oled.o(i.OLED_Clear)
    OLED_I2C_Init                            0x08001cb5   Thumb Code    58  oled.o(i.OLED_I2C_Init)
    OLED_I2C_SendByte                        0x08001cf5   Thumb Code    80  oled.o(i.OLED_I2C_SendByte)
    OLED_I2C_Start                           0x08001d49   Thumb Code    48  oled.o(i.OLED_I2C_Start)
    OLED_I2C_Stop                            0x08001d7d   Thumb Code    36  oled.o(i.OLED_I2C_Stop)
    OLED_Init                                0x08001da5   Thumb Code   174  oled.o(i.OLED_Init)
    OLED_Menu                                0x08001e55   Thumb Code   174  main.o(i.OLED_Menu)
    OLED_Menu_SensorData                     0x08001f0d   Thumb Code   242  main.o(i.OLED_Menu_SensorData)
    OLED_Option                              0x08002015   Thumb Code   150  main.o(i.OLED_Option)
    OLED_Pow                                 0x080020ab   Thumb Code    20  oled.o(i.OLED_Pow)
    OLED_SetCursor                           0x080020bf   Thumb Code    34  oled.o(i.OLED_SetCursor)
    OLED_SetInterfacevoid                    0x080020e1   Thumb Code   252  main.o(i.OLED_SetInterfacevoid)
    OLED_ShowChar                            0x080021e5   Thumb Code   110  oled.o(i.OLED_ShowChar)
    OLED_ShowChinese                         0x08002259   Thumb Code   102  oled.o(i.OLED_ShowChinese)
    OLED_ShowNum                             0x080022c5   Thumb Code    68  oled.o(i.OLED_ShowNum)
    OLED_ShowString                          0x08002309   Thumb Code    40  oled.o(i.OLED_ShowString)
    OLED_ThresholdTime                       0x08002331   Thumb Code   116  main.o(i.OLED_ThresholdTime)
    OLED_Time_Option                         0x080023b1   Thumb Code   120  main.o(i.OLED_Time_Option)
    OLED_WriteCommand                        0x08002429   Thumb Code    32  oled.o(i.OLED_WriteCommand)
    OLED_WriteData                           0x08002449   Thumb Code    32  oled.o(i.OLED_WriteData)
    PWM_Init                                 0x08002469   Thumb Code   144  pwm.o(i.PWM_Init)
    PWR_BackupAccessCmd                      0x080024fd   Thumb Code     6  stm32f10x_pwr.o(i.PWR_BackupAccessCmd)
    PendSV_Handler                           0x08002509   Thumb Code     2  stm32f10x_it.o(i.PendSV_Handler)
    RCC_ADCCLKConfig                         0x0800250d   Thumb Code    18  stm32f10x_rcc.o(i.RCC_ADCCLKConfig)
    RCC_APB1PeriphClockCmd                   0x08002525   Thumb Code    26  stm32f10x_rcc.o(i.RCC_APB1PeriphClockCmd)
    RCC_APB1PeriphResetCmd                   0x08002545   Thumb Code    26  stm32f10x_rcc.o(i.RCC_APB1PeriphResetCmd)
    RCC_APB2PeriphClockCmd                   0x08002565   Thumb Code    26  stm32f10x_rcc.o(i.RCC_APB2PeriphClockCmd)
    RCC_APB2PeriphResetCmd                   0x08002585   Thumb Code    26  stm32f10x_rcc.o(i.RCC_APB2PeriphResetCmd)
    RCC_ClearFlag                            0x080025a5   Thumb Code    14  stm32f10x_rcc.o(i.RCC_ClearFlag)
    RCC_GetClocksFreq                        0x080025b9   Thumb Code   192  stm32f10x_rcc.o(i.RCC_GetClocksFreq)
    RCC_GetFlagStatus                        0x0800268d   Thumb Code    56  stm32f10x_rcc.o(i.RCC_GetFlagStatus)
    RCC_LSEConfig                            0x080026c9   Thumb Code    46  stm32f10x_rcc.o(i.RCC_LSEConfig)
    RCC_LSICmd                               0x080026fd   Thumb Code     6  stm32f10x_rcc.o(i.RCC_LSICmd)
    RCC_RTCCLKCmd                            0x08002709   Thumb Code     6  stm32f10x_rcc.o(i.RCC_RTCCLKCmd)
    RCC_RTCCLKConfig                         0x08002715   Thumb Code    12  stm32f10x_rcc.o(i.RCC_RTCCLKConfig)
    RTC_EnterConfigMode                      0x08002725   Thumb Code    14  stm32f10x_rtc.o(i.RTC_EnterConfigMode)
    RTC_ExitConfigMode                       0x08002739   Thumb Code    16  stm32f10x_rtc.o(i.RTC_ExitConfigMode)
    RTC_GetCounter                           0x0800274d   Thumb Code    16  stm32f10x_rtc.o(i.RTC_GetCounter)
    RTC_SetCounter                           0x08002761   Thumb Code    24  stm32f10x_rtc.o(i.RTC_SetCounter)
    RTC_SetPrescaler                         0x0800277d   Thumb Code    26  stm32f10x_rtc.o(i.RTC_SetPrescaler)
    RTC_WaitForLastTask                      0x0800279d   Thumb Code    16  stm32f10x_rtc.o(i.RTC_WaitForLastTask)
    RTC_WaitForSynchro                       0x080027b1   Thumb Code    30  stm32f10x_rtc.o(i.RTC_WaitForSynchro)
    SVC_Handler                              0x080027d5   Thumb Code     2  stm32f10x_it.o(i.SVC_Handler)
    SetSelection                             0x080027d9   Thumb Code    42  main.o(i.SetSelection)
    SysTick_Handler                          0x080028f5   Thumb Code     2  stm32f10x_it.o(i.SysTick_Handler)
    SystemInit                               0x080028f9   Thumb Code    78  system_stm32f10x.o(i.SystemInit)
    TIM2_IRQHandler                          0x08002959   Thumb Code   204  tim2.o(i.TIM2_IRQHandler)
    TIM3_IRQHandler                          0x08002a41   Thumb Code    26  tim3.o(i.TIM3_IRQHandler)
    TIM4_IRQHandler                          0x08002a61   Thumb Code    32  hc_sr04.o(i.TIM4_IRQHandler)
    TIM_ClearFlag                            0x08002a89   Thumb Code     6  stm32f10x_tim.o(i.TIM_ClearFlag)
    TIM_ClearITPendingBit                    0x08002a8f   Thumb Code     6  stm32f10x_tim.o(i.TIM_ClearITPendingBit)
    TIM_Cmd                                  0x08002a95   Thumb Code    24  stm32f10x_tim.o(i.TIM_Cmd)
    TIM_CtrlPWMOutputs                       0x08002aad   Thumb Code    30  stm32f10x_tim.o(i.TIM_CtrlPWMOutputs)
    TIM_DeInit                               0x08002acd   Thumb Code   424  stm32f10x_tim.o(i.TIM_DeInit)
    TIM_GetCounter                           0x08002cb5   Thumb Code     6  stm32f10x_tim.o(i.TIM_GetCounter)
    TIM_GetITStatus                          0x08002cbb   Thumb Code    34  stm32f10x_tim.o(i.TIM_GetITStatus)
    TIM_ITConfig                             0x08002cdd   Thumb Code    18  stm32f10x_tim.o(i.TIM_ITConfig)
    TIM_OC1Init                              0x08002cf1   Thumb Code   132  stm32f10x_tim.o(i.TIM_OC1Init)
    TIM_SetCompare1                          0x08002d89   Thumb Code     4  stm32f10x_tim.o(i.TIM_SetCompare1)
    TIM_SetCounter                           0x08002d8d   Thumb Code     4  stm32f10x_tim.o(i.TIM_SetCounter)
    TIM_TimeBaseInit                         0x08002d91   Thumb Code   122  stm32f10x_tim.o(i.TIM_TimeBaseInit)
    ThresholdModification                    0x08002e35   Thumb Code   284  main.o(i.ThresholdModification)
    TimeModification                         0x08002f6d   Thumb Code   250  main.o(i.TimeModification)
    Timer2_Init                              0x08003079   Thumb Code    94  tim2.o(i.Timer2_Init)
    USART1_IRQHandler                        0x080030d9   Thumb Code    24  usart.o(i.USART1_IRQHandler)
    USART2_IRQHandler                        0x080030f5   Thumb Code    34  usart.o(i.USART2_IRQHandler)
    USART_Cmd                                0x0800311d   Thumb Code    24  stm32f10x_usart.o(i.USART_Cmd)
    USART_GetFlagStatus                      0x08003135   Thumb Code    26  stm32f10x_usart.o(i.USART_GetFlagStatus)
    USART_GetITStatus                        0x0800314f   Thumb Code    84  stm32f10x_usart.o(i.USART_GetITStatus)
    USART_ITConfig                           0x080031a3   Thumb Code    74  stm32f10x_usart.o(i.USART_ITConfig)
    USART_Init                               0x080031ed   Thumb Code   210  stm32f10x_usart.o(i.USART_Init)
    USART_ReceiveData                        0x080032c5   Thumb Code    10  stm32f10x_usart.o(i.USART_ReceiveData)
    USART_SendData                           0x080032cf   Thumb Code     8  stm32f10x_usart.o(i.USART_SendData)
    Uart1_Init                               0x080032d9   Thumb Code   154  usart.o(i.Uart1_Init)
    Uart2_Init                               0x0800337d   Thumb Code   156  usart.o(i.Uart2_Init)
    UsageFault_Handler                       0x08003421   Thumb Code     4  stm32f10x_it.o(i.UsageFault_Handler)
    __ARM_fpclassify                         0x08003425   Thumb Code    40  fpclassify.o(i.__ARM_fpclassify)
    __kernel_poly                            0x0800344d   Thumb Code   170  poly.o(i.__kernel_poly)
    __mathlib_dbl_divzero                    0x080034f9   Thumb Code    12  dunder.o(i.__mathlib_dbl_divzero)
    __mathlib_dbl_infnan2                    0x08003509   Thumb Code     4  dunder.o(i.__mathlib_dbl_infnan2)
    __mathlib_dbl_invalid                    0x0800350d   Thumb Code    12  dunder.o(i.__mathlib_dbl_invalid)
    __mathlib_dbl_overflow                   0x08003519   Thumb Code    14  dunder.o(i.__mathlib_dbl_overflow)
    __mathlib_dbl_underflow                  0x08003529   Thumb Code    10  dunder.o(i.__mathlib_dbl_underflow)
    _is_digit                                0x08003539   Thumb Code    14  __printf_wp.o(i._is_digit)
    _sys_exit                                0x08003547   Thumb Code     4  usart.o(i._sys_exit)
    calculateDynamicBitPartLen               0x0800354b   Thumb Code    40  gizwits_protocol.o(i.calculateDynamicBitPartLen)
    exchangeBytes                            0x08003573   Thumb Code    26  common.o(i.exchangeBytes)
    exchangeWord                             0x0800358d   Thumb Code    26  common.o(i.exchangeWord)
    fputc                                    0x080035a9   Thumb Code    24  usart.o(i.fputc)
    gizAcrossByteJudge                       0x080035c5   Thumb Code    42  datapointtools.o(i.gizAcrossByteJudge)
    gizByteOrderExchange                     0x080035ef   Thumb Code    50  datapointtools.o(i.gizByteOrderExchange)
    gizGetTimerCount                         0x08003dd1   Thumb Code     6  gizwits_product.o(i.gizGetTimerCount)
    gizProtocolSum                           0x08004ce9   Thumb Code    38  common.o(i.gizProtocolSum)
    gizPutData                               0x08004dc1   Thumb Code    52  gizwits_protocol.o(i.gizPutData)
    gizTimerMs                               0x08004f2d   Thumb Code    12  gizwits_product.o(i.gizTimerMs)
    gizVarlenCompressValue                   0x08004f3d   Thumb Code   124  datapointtools.o(i.gizVarlenCompressValue)
    gizVarlenDecompressionValue              0x08004fb9   Thumb Code   196  datapointtools.o(i.gizVarlenDecompressionValue)
    gizX2Y                                   0x0800507d   Thumb Code    12  datapointtools.o(i.gizX2Y)
    gizY2X                                   0x08005089   Thumb Code    14  datapointtools.o(i.gizY2X)
    gizwitsEventProcess                      0x08005099   Thumb Code   362  gizwits_product.o(i.gizwitsEventProcess)
    gizwitsHandle                            0x08005325   Thumb Code   608  gizwits_protocol.o(i.gizwitsHandle)
    gizwitsInit                              0x080056a1   Thumb Code    48  gizwits_protocol.o(i.gizwitsInit)
    gizwitsSetMode                           0x08005705   Thumb Code   590  gizwits_protocol.o(i.gizwitsSetMode)
    main                                     0x0800598d   Thumb Code   422  main.o(i.main)
    mcuRestart                               0x08005b61   Thumb Code    10  gizwits_product.o(i.mcuRestart)
    pow                                      0x08005b6d   Thumb Code  2512  pow.o(i.pow)
    rbCanRead                                0x08006545   Thumb Code    58  ringbuffer.o(i.rbCanRead)
    rbCanWrite                               0x0800657f   Thumb Code    30  ringbuffer.o(i.rbCanWrite)
    rbCapacity                               0x0800659d   Thumb Code    14  ringbuffer.o(i.rbCapacity)
    rbCreate                                 0x080065ab   Thumb Code    20  ringbuffer.o(i.rbCreate)
    rbRead                                   0x080065bf   Thumb Code   190  ringbuffer.o(i.rbRead)
    rbReadIndicator                          0x0800667d   Thumb Code    30  ringbuffer.o(i.rbReadIndicator)
    rbWrite                                  0x0800669b   Thumb Code   186  ringbuffer.o(i.rbWrite)
    rbWriteIndicator                         0x08006755   Thumb Code    30  ringbuffer.o(i.rbWriteIndicator)
    sensorScan                               0x08006775   Thumb Code    36  main.o(i.sensorScan)
    sqrt                                     0x0800679d   Thumb Code    76  sqrt.o(i.sqrt)
    uartWrite                                0x080067e9   Thumb Code   144  gizwits_product.o(i.uartWrite)
    userHandle                               0x0800689d   Thumb Code    34  gizwits_product.o(i.userHandle)
    userInit                                 0x080068c9   Thumb Code    44  gizwits_product.o(i.userInit)
    __aeabi_dadd                             0x080068fd   Thumb Code     0  daddsub_clz.o(x$fpl$dadd)
    _dadd                                    0x080068fd   Thumb Code   332  daddsub_clz.o(x$fpl$dadd)
    __fpl_dcheck_NaN1                        0x08006a4d   Thumb Code    10  dcheck1.o(x$fpl$dcheck1)
    __fpl_dcmp_Inf                           0x08006a5d   Thumb Code    24  dcmpi.o(x$fpl$dcmpinf)
    __aeabi_ddiv                             0x08006a75   Thumb Code     0  ddiv.o(x$fpl$ddiv)
    _ddiv                                    0x08006a75   Thumb Code   552  ddiv.o(x$fpl$ddiv)
    __aeabi_d2uiz                            0x08006d25   Thumb Code     0  dfixu.o(x$fpl$dfixu)
    _dfixu                                   0x08006d25   Thumb Code    90  dfixu.o(x$fpl$dfixu)
    __aeabi_i2d                              0x08006d7f   Thumb Code     0  dflt_clz.o(x$fpl$dflt)
    _dflt                                    0x08006d7f   Thumb Code    46  dflt_clz.o(x$fpl$dflt)
    __aeabi_ui2d                             0x08006dad   Thumb Code     0  dflt_clz.o(x$fpl$dfltu)
    _dfltu                                   0x08006dad   Thumb Code    38  dflt_clz.o(x$fpl$dfltu)
    __aeabi_cdcmple                          0x08006dd5   Thumb Code     0  dleqf.o(x$fpl$dleqf)
    _dcmple                                  0x08006dd5   Thumb Code   120  dleqf.o(x$fpl$dleqf)
    __fpl_dcmple_InfNaN                      0x08006e37   Thumb Code     0  dleqf.o(x$fpl$dleqf)
    __aeabi_dmul                             0x08006e4d   Thumb Code     0  dmul.o(x$fpl$dmul)
    _dmul                                    0x08006e4d   Thumb Code   332  dmul.o(x$fpl$dmul)
    __fpl_dnaninf                            0x08006fa1   Thumb Code   156  dnaninf.o(x$fpl$dnaninf)
    __fpl_dretinf                            0x0800703d   Thumb Code    12  dretinf.o(x$fpl$dretinf)
    __aeabi_cdrcmple                         0x08007049   Thumb Code     0  drleqf.o(x$fpl$drleqf)
    _drcmple                                 0x08007049   Thumb Code   108  drleqf.o(x$fpl$drleqf)
    __aeabi_drsub                            0x080070b5   Thumb Code     0  daddsub_clz.o(x$fpl$drsb)
    _drsb                                    0x080070b5   Thumb Code    22  daddsub_clz.o(x$fpl$drsb)
    _dsqrt                                   0x080070cd   Thumb Code   456  dsqrt_noumaal.o(x$fpl$dsqrt)
    __aeabi_dsub                             0x08007299   Thumb Code     0  daddsub_clz.o(x$fpl$dsub)
    _dsub                                    0x08007299   Thumb Code   464  daddsub_clz.o(x$fpl$dsub)
    __aeabi_f2d                              0x0800746d   Thumb Code     0  f2d.o(x$fpl$f2d)
    _f2d                                     0x0800746d   Thumb Code    86  f2d.o(x$fpl$f2d)
    __aeabi_fadd                             0x080074c5   Thumb Code     0  faddsub_clz.o(x$fpl$fadd)
    _fadd                                    0x080074c5   Thumb Code   196  faddsub_clz.o(x$fpl$fadd)
    __aeabi_fdiv                             0x08007589   Thumb Code     0  fdiv.o(x$fpl$fdiv)
    _fdiv                                    0x08007589   Thumb Code   384  fdiv.o(x$fpl$fdiv)
    __aeabi_ui2f                             0x0800770d   Thumb Code     0  fflt_clz.o(x$fpl$ffltu)
    _ffltu                                   0x0800770d   Thumb Code    38  fflt_clz.o(x$fpl$ffltu)
    __aeabi_fmul                             0x08007735   Thumb Code     0  fmul.o(x$fpl$fmul)
    _fmul                                    0x08007735   Thumb Code   258  fmul.o(x$fpl$fmul)
    __fpl_fnaninf                            0x08007837   Thumb Code   140  fnaninf.o(x$fpl$fnaninf)
    __fpl_fretinf                            0x080078c3   Thumb Code    10  fretinf.o(x$fpl$fretinf)
    __aeabi_fsub                             0x080078cd   Thumb Code     0  faddsub_clz.o(x$fpl$fsub)
    _fsub                                    0x080078cd   Thumb Code   234  faddsub_clz.o(x$fpl$fsub)
    __fpl_return_NaN                         0x080079b7   Thumb Code   100  retnan.o(x$fpl$retnan)
    __ARM_scalbn                             0x08007a1b   Thumb Code    92  scalbn.o(x$fpl$scalbn)
    __fpl_cmpreturn                          0x08007a77   Thumb Code    48  trapv.o(x$fpl$trapveneer)
    OLED_F8x16                               0x08007aa6   Data        1520  oled.o(.constdata)
    __I$use$fp                               0x08007aa6   Number         0  usenofp.o(x$fpl$usenofp)
    Hzk1                                     0x08008096   Data        1088  oled.o(.constdata)
    _monlen                                  0x08008598   Data          12  _monlen.o(.constdata)
    __mathlib_zero                           0x080085a8   Data           8  qnan.o(.constdata)
    Region$$Table$$Base                      0x080085b0   Number         0  anon$$obj.o(Region$$Table)
    Region$$Table$$Limit                     0x080085d0   Number         0  anon$$obj.o(Region$$Table)
    hc501                                    0x20000014   Data           1  main.o(.data)
    systemModel                              0x20000015   Data           1  main.o(.data)
    hour                                     0x20000016   Data           1  main.o(.data)
    minute                                   0x20000017   Data           1  main.o(.data)
    second                                   0x20000018   Data           1  main.o(.data)
    menu                                     0x20000019   Data           1  main.o(.data)
    sensorData                               0x2000001a   Data           6  main.o(.data)
    Sensorthreshold                          0x20000020   Data           4  main.o(.data)
    MenuPages                                0x20000024   Data           1  main.o(.data)
    Time                                     0x20000026   Data           1  dht11.o(.data)
    ledDutyRatio                             0x20000027   Data           1  led.o(.data)
    key1_long_flag                           0x20000028   Data           1  key.o(.data)
    key2_long_flag                           0x20000029   Data           1  key.o(.data)
    key3_long_flag                           0x2000002a   Data           1  key.o(.data)
    key4_long_flag                           0x2000002b   Data           1  key.o(.data)
    key1_lock_flag                           0x2000002c   Data           1  key.o(.data)
    key2_lock_flag                           0x2000002d   Data           1  key.o(.data)
    key3_lock_flag                           0x2000002e   Data           1  key.o(.data)
    key4_lock_flag                           0x2000002f   Data           1  key.o(.data)
    key1_cnt                                 0x20000030   Data           2  key.o(.data)
    key2_cnt                                 0x20000032   Data           2  key.o(.data)
    key3_cnt                                 0x20000034   Data           2  key.o(.data)
    key4_cnt                                 0x20000036   Data           2  key.o(.data)
    key1_cnt2                                0x20000038   Data           2  key.o(.data)
    key2_cnt2                                0x2000003a   Data           2  key.o(.data)
    key3_cnt2                                0x2000003c   Data           2  key.o(.data)
    key4_cnt2                                0x2000003e   Data           2  key.o(.data)
    key1_short_flag                          0x20000040   Data           1  key.o(.data)
    KeyNum                                   0x20000041   Data           1  key.o(.data)
    msHCcount                                0x20000044   Data           4  hc_sr04.o(.data)
    HC_SR04_DelayStructure                   0x20000048   Data           6  hc_sr04.o(.data)
    Buzzer_Flag                              0x20000054   Data           1  buzzer.o(.data)
    delay20ms                                0x20000058   Data           4  tim2.o(.data)
    keyDelay_50ms                            0x2000005c   Data           1  tim2.o(.data)
    __stdout                                 0x20000060   Data           4  usart.o(.data)
    USART_RX_STA                             0x20000064   Data           2  usart.o(.data)
    MyRTC_Time                               0x20000066   Data          12  myrtc.o(.data)
    aRxBuffer                                0x20000078   Data           1  gizwits_product.o(.data)
    valueFlashflag                           0x20000079   Data           1  gizwits_product.o(.data)
    currentDataPoint                         0x2000008c   Data          36  gizwits_product.o(.bss)
    gizwitsProtocol                          0x200000b0   Data        1132  gizwits_protocol.o(.bss)
    pRb                                      0x2000051c   Data          16  gizwits_protocol.o(.bss)
    __libspace_start                         0x2000078c   Data          96  libspace.o(.bss)
    __temporary_stack_top$libspace           0x200007ec   Data           0  libspace.o(.bss)



==============================================================================

Memory Map of the image

  Image Entry point : 0x080000ed

  Load Region LR_IROM1 (Base: 0x08000000, Size: 0x0000865c, Max: 0x00010000, ABSOLUTE)

    Execution Region ER_IROM1 (Exec base: 0x08000000, Load base: 0x08000000, Size: 0x000085d0, Max: 0x00010000, ABSOLUTE)

    Exec Addr    Load Addr    Size         Type   Attr      Idx    E Section Name        Object

    0x08000000   0x08000000   0x000000ec   Data   RO            3    RESET               startup_stm32f10x_md.o
    0x080000ec   0x080000ec   0x00000008   Code   RO         4831  * !!!main             c_w.l(__main.o)
    0x080000f4   0x080000f4   0x00000034   Code   RO         5179    !!!scatter          c_w.l(__scatter.o)
    0x08000128   0x08000128   0x0000001a   Code   RO         5181    !!handler_copy      c_w.l(__scatter_copy.o)
    0x08000142   0x08000142   0x00000002   PAD
    0x08000144   0x08000144   0x0000001c   Code   RO         5183    !!handler_zi        c_w.l(__scatter_zi.o)
    0x08000160   0x08000160   0x00000000   Code   RO         4811    .ARM.Collect$$_printf_percent$$00000000  c_w.l(_printf_percent.o)
    0x08000160   0x08000160   0x00000006   Code   RO         4810    .ARM.Collect$$_printf_percent$$00000009  c_w.l(_printf_d.o)
    0x08000166   0x08000166   0x00000006   Code   RO         4809    .ARM.Collect$$_printf_percent$$0000000C  c_w.l(_printf_x.o)
    0x0800016c   0x0800016c   0x00000004   Code   RO         4919    .ARM.Collect$$_printf_percent$$00000017  c_w.l(_printf_percent_end.o)
    0x08000170   0x08000170   0x00000002   Code   RO         5107    .ARM.Collect$$libinit$$00000000  c_w.l(libinit.o)
    0x08000172   0x08000172   0x00000000   Code   RO         5030    .ARM.Collect$$libinit$$00000002  c_w.l(libinit2.o)
    0x08000172   0x08000172   0x00000000   Code   RO         5032    .ARM.Collect$$libinit$$00000004  c_w.l(libinit2.o)
    0x08000172   0x08000172   0x00000000   Code   RO         5035    .ARM.Collect$$libinit$$0000000A  c_w.l(libinit2.o)
    0x08000172   0x08000172   0x00000000   Code   RO         5037    .ARM.Collect$$libinit$$0000000C  c_w.l(libinit2.o)
    0x08000172   0x08000172   0x00000000   Code   RO         5039    .ARM.Collect$$libinit$$0000000E  c_w.l(libinit2.o)
    0x08000172   0x08000172   0x00000000   Code   RO         5042    .ARM.Collect$$libinit$$00000011  c_w.l(libinit2.o)
    0x08000172   0x08000172   0x00000000   Code   RO         5044    .ARM.Collect$$libinit$$00000013  c_w.l(libinit2.o)
    0x08000172   0x08000172   0x00000000   Code   RO         5046    .ARM.Collect$$libinit$$00000015  c_w.l(libinit2.o)
    0x08000172   0x08000172   0x00000000   Code   RO         5048    .ARM.Collect$$libinit$$00000017  c_w.l(libinit2.o)
    0x08000172   0x08000172   0x00000000   Code   RO         5050    .ARM.Collect$$libinit$$00000019  c_w.l(libinit2.o)
    0x08000172   0x08000172   0x00000000   Code   RO         5052    .ARM.Collect$$libinit$$0000001B  c_w.l(libinit2.o)
    0x08000172   0x08000172   0x00000000   Code   RO         5054    .ARM.Collect$$libinit$$0000001D  c_w.l(libinit2.o)
    0x08000172   0x08000172   0x00000000   Code   RO         5056    .ARM.Collect$$libinit$$0000001F  c_w.l(libinit2.o)
    0x08000172   0x08000172   0x00000000   Code   RO         5058    .ARM.Collect$$libinit$$00000021  c_w.l(libinit2.o)
    0x08000172   0x08000172   0x00000000   Code   RO         5060    .ARM.Collect$$libinit$$00000023  c_w.l(libinit2.o)
    0x08000172   0x08000172   0x00000000   Code   RO         5062    .ARM.Collect$$libinit$$00000025  c_w.l(libinit2.o)
    0x08000172   0x08000172   0x00000000   Code   RO         5066    .ARM.Collect$$libinit$$0000002C  c_w.l(libinit2.o)
    0x08000172   0x08000172   0x00000000   Code   RO         5068    .ARM.Collect$$libinit$$0000002E  c_w.l(libinit2.o)
    0x08000172   0x08000172   0x00000000   Code   RO         5070    .ARM.Collect$$libinit$$00000030  c_w.l(libinit2.o)
    0x08000172   0x08000172   0x00000000   Code   RO         5072    .ARM.Collect$$libinit$$00000032  c_w.l(libinit2.o)
    0x08000172   0x08000172   0x00000002   Code   RO         5073    .ARM.Collect$$libinit$$00000033  c_w.l(libinit2.o)
    0x08000174   0x08000174   0x00000002   Code   RO         5176    .ARM.Collect$$libshutdown$$00000000  c_w.l(libshutdown.o)
    0x08000176   0x08000176   0x00000000   Code   RO         5130    .ARM.Collect$$libshutdown$$00000002  c_w.l(libshutdown2.o)
    0x08000176   0x08000176   0x00000000   Code   RO         5132    .ARM.Collect$$libshutdown$$00000004  c_w.l(libshutdown2.o)
    0x08000176   0x08000176   0x00000000   Code   RO         5135    .ARM.Collect$$libshutdown$$00000007  c_w.l(libshutdown2.o)
    0x08000176   0x08000176   0x00000000   Code   RO         5138    .ARM.Collect$$libshutdown$$0000000A  c_w.l(libshutdown2.o)
    0x08000176   0x08000176   0x00000000   Code   RO         5140    .ARM.Collect$$libshutdown$$0000000C  c_w.l(libshutdown2.o)
    0x08000176   0x08000176   0x00000000   Code   RO         5143    .ARM.Collect$$libshutdown$$0000000F  c_w.l(libshutdown2.o)
    0x08000176   0x08000176   0x00000002   Code   RO         5144    .ARM.Collect$$libshutdown$$00000010  c_w.l(libshutdown2.o)
    0x08000178   0x08000178   0x00000000   Code   RO         4883    .ARM.Collect$$rtentry$$00000000  c_w.l(__rtentry.o)
    0x08000178   0x08000178   0x00000000   Code   RO         4977    .ARM.Collect$$rtentry$$00000002  c_w.l(__rtentry2.o)
    0x08000178   0x08000178   0x00000006   Code   RO         4989    .ARM.Collect$$rtentry$$00000004  c_w.l(__rtentry4.o)
    0x0800017e   0x0800017e   0x00000000   Code   RO         4979    .ARM.Collect$$rtentry$$00000009  c_w.l(__rtentry2.o)
    0x0800017e   0x0800017e   0x00000004   Code   RO         4980    .ARM.Collect$$rtentry$$0000000A  c_w.l(__rtentry2.o)
    0x08000182   0x08000182   0x00000000   Code   RO         4982    .ARM.Collect$$rtentry$$0000000C  c_w.l(__rtentry2.o)
    0x08000182   0x08000182   0x00000008   Code   RO         4983    .ARM.Collect$$rtentry$$0000000D  c_w.l(__rtentry2.o)
    0x0800018a   0x0800018a   0x00000002   Code   RO         5115    .ARM.Collect$$rtexit$$00000000  c_w.l(rtexit.o)
    0x0800018c   0x0800018c   0x00000000   Code   RO         5150    .ARM.Collect$$rtexit$$00000002  c_w.l(rtexit2.o)
    0x0800018c   0x0800018c   0x00000004   Code   RO         5151    .ARM.Collect$$rtexit$$00000003  c_w.l(rtexit2.o)
    0x08000190   0x08000190   0x00000006   Code   RO         5152    .ARM.Collect$$rtexit$$00000004  c_w.l(rtexit2.o)
    0x08000196   0x08000196   0x00000002   PAD
    0x08000198   0x08000198   0x00000040   Code   RO            4    .text               startup_stm32f10x_md.o
    0x080001d8   0x080001d8   0x00000002   Code   RO         4698    .text               c_w.l(use_no_semi_2.o)
    0x080001da   0x080001da   0x0000004e   Code   RO         4702    .text               c_w.l(h1_free.o)
    0x08000228   0x08000228   0x00000018   Code   RO         4760    .text               c_w.l(noretval__2printf.o)
    0x08000240   0x08000240   0x0000004e   Code   RO         4764    .text               c_w.l(_printf_pad.o)
    0x0800028e   0x0800028e   0x00000002   PAD
    0x08000290   0x08000290   0x00000078   Code   RO         4766    .text               c_w.l(_printf_dec.o)
    0x08000308   0x08000308   0x00000058   Code   RO         4771    .text               c_w.l(_printf_hex_int.o)
    0x08000360   0x08000360   0x00000138   Code   RO         4801    .text               c_w.l(__printf_flags_wp.o)
    0x08000498   0x08000498   0x0000008a   Code   RO         4814    .text               c_w.l(rt_memcpy_v6.o)
    0x08000522   0x08000522   0x00000064   Code   RO         4816    .text               c_w.l(rt_memcpy_w.o)
    0x08000586   0x08000586   0x00000010   Code   RO         4818    .text               c_w.l(aeabi_memset.o)
    0x08000596   0x08000596   0x00000044   Code   RO         4820    .text               c_w.l(rt_memclr.o)
    0x080005da   0x080005da   0x0000004e   Code   RO         4822    .text               c_w.l(rt_memclr_w.o)
    0x08000628   0x08000628   0x0000000c   Code   RO         4824    .text               c_w.l(localtime.o)
    0x08000634   0x08000634   0x000001ac   Code   RO         4827    .text               c_w.l(mktime.o)
    0x080007e0   0x080007e0   0x00000006   Code   RO         4829    .text               c_w.l(heapauxi.o)
    0x080007e6   0x080007e6   0x00000002   Code   RO         4879    .text               c_w.l(use_no_semi.o)
    0x080007e8   0x080007e8   0x00000008   Code   RO         4889    .text               c_w.l(rt_heap_descriptor_intlibspace.o)
    0x080007f0   0x080007f0   0x00000016   Code   RO         4913    .text               c_w.l(_rserrno.o)
    0x08000806   0x08000806   0x000000b2   Code   RO         4915    .text               c_w.l(_printf_intcommon.o)
    0x080008b8   0x080008b8   0x00000024   Code   RO         4917    .text               c_w.l(_printf_char_file.o)
    0x080008dc   0x080008dc   0x000000b8   Code   RO         4921    .text               c_w.l(localtime_internal.o)
    0x08000994   0x08000994   0x00000008   Code   RO         4973    .text               c_w.l(libspace.o)
    0x0800099c   0x0800099c   0x00000008   Code   RO         4999    .text               c_w.l(rt_errno_addr_intlibspace.o)
    0x080009a4   0x080009a4   0x00000030   Code   RO         5011    .text               c_w.l(_printf_char_common.o)
    0x080009d4   0x080009d4   0x00000008   Code   RO         5013    .text               c_w.l(ferror.o)
    0x080009dc   0x080009dc   0x0000004a   Code   RO         5082    .text               c_w.l(sys_stackheap_outer.o)
    0x08000a26   0x08000a26   0x00000012   Code   RO         5092    .text               c_w.l(exit.o)
    0x08000a38   0x08000a38   0x0000006c   Code   RO         3966    i.ADCX_Init         adcx.o
    0x08000aa4   0x08000aa4   0x00000016   Code   RO          262    i.ADC_Cmd           stm32f10x_adc.o
    0x08000aba   0x08000aba   0x00000014   Code   RO          270    i.ADC_GetCalibrationStatus  stm32f10x_adc.o
    0x08000ace   0x08000ace   0x00000008   Code   RO          271    i.ADC_GetConversionValue  stm32f10x_adc.o
    0x08000ad6   0x08000ad6   0x00000012   Code   RO          273    i.ADC_GetFlagStatus  stm32f10x_adc.o
    0x08000ae8   0x08000ae8   0x00000014   Code   RO          276    i.ADC_GetResetCalibrationStatus  stm32f10x_adc.o
    0x08000afc   0x08000afc   0x00000034   Code   RO         3967    i.ADC_GetValue      adcx.o
    0x08000b30   0x08000b30   0x00000050   Code   RO          280    i.ADC_Init          stm32f10x_adc.o
    0x08000b80   0x08000b80   0x000000b8   Code   RO          284    i.ADC_RegularChannelConfig  stm32f10x_adc.o
    0x08000c38   0x08000c38   0x0000000a   Code   RO          285    i.ADC_ResetCalibration  stm32f10x_adc.o
    0x08000c42   0x08000c42   0x00000016   Code   RO          287    i.ADC_SoftwareStartConvCmd  stm32f10x_adc.o
    0x08000c58   0x08000c58   0x0000000a   Code   RO          289    i.ADC_StartCalibration  stm32f10x_adc.o
    0x08000c62   0x08000c62   0x00000002   PAD
    0x08000c64   0x08000c64   0x0000001c   Code   RO          508    i.BKP_ReadBackupRegister  stm32f10x_bkp.o
    0x08000c80   0x08000c80   0x0000001c   Code   RO          512    i.BKP_WriteBackupRegister  stm32f10x_bkp.o
    0x08000c9c   0x08000c9c   0x00000004   Code   RO         3527    i.BusFault_Handler  stm32f10x_it.o
    0x08000ca0   0x08000ca0   0x00000034   Code   RO         3936    i.Buzzer_Init       buzzer.o
    0x08000cd4   0x08000cd4   0x0000001c   Code   RO         3937    i.Buzzer_OFF        buzzer.o
    0x08000cf0   0x08000cf0   0x0000001c   Code   RO         3938    i.Buzzer_ON         buzzer.o
    0x08000d0c   0x08000d0c   0x0000000c   Code   RO         3746    i.DHT11_Init        dht11.o
    0x08000d18   0x08000d18   0x00000038   Code   RO         3747    i.DHT11_Mode        dht11.o
    0x08000d50   0x08000d50   0x00000098   Code   RO         3748    i.DHT11_Read_Byte   dht11.o
    0x08000de8   0x08000de8   0x0000006e   Code   RO         3749    i.DHT11_Read_Data   dht11.o
    0x08000e56   0x08000e56   0x00000002   PAD
    0x08000e58   0x08000e58   0x0000006c   Code   RO         3750    i.DHT11_Sends_Response  dht11.o
    0x08000ec4   0x08000ec4   0x00000030   Code   RO         3751    i.DHT11_Sends_Start  dht11.o
    0x08000ef4   0x08000ef4   0x00000002   Code   RO         3528    i.DebugMon_Handler  stm32f10x_it.o
    0x08000ef6   0x08000ef6   0x00000018   Code   RO         3987    i.Delay_ms          delay.o
    0x08000f0e   0x08000f0e   0x0000002e   Code   RO         3989    i.Delay_us          delay.o
    0x08000f3c   0x08000f3c   0x0000000c   Code   RO         1121    i.FLASH_ClearFlag   stm32f10x_flash.o
    0x08000f48   0x08000f48   0x0000004c   Code   RO         1126    i.FLASH_ErasePage   stm32f10x_flash.o
    0x08000f94   0x08000f94   0x00000034   Code   RO         1127    i.FLASH_GetBank1Status  stm32f10x_flash.o
    0x08000fc8   0x08000fc8   0x00000014   Code   RO         1136    i.FLASH_Lock        stm32f10x_flash.o
    0x08000fdc   0x08000fdc   0x00000040   Code   RO         1139    i.FLASH_ProgramHalfWord  stm32f10x_flash.o
    0x0800101c   0x0800101c   0x00000006   Code   RO         4169    i.FLASH_R           flash.o
    0x08001022   0x08001022   0x00000002   PAD
    0x08001024   0x08001024   0x00000018   Code   RO         1144    i.FLASH_Unlock      stm32f10x_flash.o
    0x0800103c   0x0800103c   0x00000034   Code   RO         4170    i.FLASH_W           flash.o
    0x08001070   0x08001070   0x00000026   Code   RO         1148    i.FLASH_WaitForLastOperation  stm32f10x_flash.o
    0x08001096   0x08001096   0x0000000c   Code   RO         4055    i.GENERAL_TIM_Init  tim3.o
    0x080010a2   0x080010a2   0x00000002   PAD
    0x080010a4   0x080010a4   0x00000050   Code   RO         4056    i.GENERAL_TIM_Mode_Config  tim3.o
    0x080010f4   0x080010f4   0x00000022   Code   RO         4057    i.GENERAL_TIM_NVIC_Config  tim3.o
    0x08001116   0x08001116   0x00000116   Code   RO         1427    i.GPIO_Init         stm32f10x_gpio.o
    0x0800122c   0x0800122c   0x00000012   Code   RO         1431    i.GPIO_ReadInputDataBit  stm32f10x_gpio.o
    0x0800123e   0x0800123e   0x00000004   Code   RO         1434    i.GPIO_ResetBits    stm32f10x_gpio.o
    0x08001242   0x08001242   0x00000004   Code   RO         1435    i.GPIO_SetBits      stm32f10x_gpio.o
    0x08001246   0x08001246   0x0000000a   Code   RO         1438    i.GPIO_WriteBit     stm32f10x_gpio.o
    0x08001250   0x08001250   0x0000002c   Code   RO         3893    i.HC_SR04_Deboanle  hc_sr04.o
    0x0800127c   0x0800127c   0x00000020   Code   RO         3894    i.HC_SR04_Delay100msRanging  hc_sr04.o
    0x0800129c   0x0800129c   0x000000bc   Code   RO         3895    i.HC_SR04_Init      hc_sr04.o
    0x08001358   0x08001358   0x000000d8   Code   RO         3896    i.HC_SR04_Ranging   hc_sr04.o
    0x08001430   0x08001430   0x00000038   Code   RO         3869    i.HC_SR501_Init     hc_sr501.o
    0x08001468   0x08001468   0x00000018   Code   RO         3870    i.HC_SR501_Input    hc_sr501.o
    0x08001480   0x08001480   0x00000004   Code   RO         3529    i.HardFault_Handler  stm32f10x_it.o
    0x08001484   0x08001484   0x00000010   Code   RO         1745    i.IWDG_Enable       stm32f10x_iwdg.o
    0x08001494   0x08001494   0x00000074   Code   RO         4190    i.IWDG_Init         iwdg.o
    0x08001508   0x08001508   0x00000010   Code   RO         1747    i.IWDG_ReloadCounter  stm32f10x_iwdg.o
    0x08001518   0x08001518   0x0000000c   Code   RO         1748    i.IWDG_SetPrescaler  stm32f10x_iwdg.o
    0x08001524   0x08001524   0x0000000c   Code   RO         1749    i.IWDG_SetReload    stm32f10x_iwdg.o
    0x08001530   0x08001530   0x0000000c   Code   RO         1750    i.IWDG_WriteAccessCmd  stm32f10x_iwdg.o
    0x0800153c   0x0800153c   0x0000002c   Code   RO         3842    i.Key_Init          key.o
    0x08001568   0x08001568   0x000002b0   Code   RO         3843    i.Key_scan          key.o
    0x08001818   0x08001818   0x0000000c   Code   RO         3590    i.LDR_ADC_Read      ldr.o
    0x08001824   0x08001824   0x00000026   Code   RO         3591    i.LDR_Average_Data  ldr.o
    0x0800184a   0x0800184a   0x00000002   PAD
    0x0800184c   0x0800184c   0x0000002c   Code   RO         3592    i.LDR_Init          ldr.o
    0x08001878   0x08001878   0x00000098   Code   RO         3593    i.LDR_LuxData       ldr.o
    0x08001910   0x08001910   0x0000011c   Code   RO         3797    i.LED_APP_Command   led.o
    0x08001a2c   0x08001a2c   0x00000038   Code   RO         3798    i.LED_Init          led.o
    0x08001a64   0x08001a64   0x00000090   Code   RO         3799    i.LED_PWM_KEY       led.o
    0x08001af4   0x08001af4   0x00000004   Code   RO         3530    i.MemManage_Handler  stm32f10x_it.o
    0x08001af8   0x08001af8   0x00000072   Code   RO         4139    i.MyRTC_Init        myrtc.o
    0x08001b6a   0x08001b6a   0x00000002   PAD
    0x08001b6c   0x08001b6c   0x00000048   Code   RO         4140    i.MyRTC_ReadTime    myrtc.o
    0x08001bb4   0x08001bb4   0x0000004c   Code   RO         4141    i.MyRTC_SetTime     myrtc.o
    0x08001c00   0x08001c00   0x00000002   Code   RO         3531    i.NMI_Handler       stm32f10x_it.o
    0x08001c02   0x08001c02   0x00000002   PAD
    0x08001c04   0x08001c04   0x00000070   Code   RO          137    i.NVIC_Init         misc_1.o
    0x08001c74   0x08001c74   0x00000014   Code   RO          138    i.NVIC_PriorityGroupConfig  misc_1.o
    0x08001c88   0x08001c88   0x0000002a   Code   RO         3629    i.OLED_Clear        oled.o
    0x08001cb2   0x08001cb2   0x00000002   PAD
    0x08001cb4   0x08001cb4   0x00000040   Code   RO         3630    i.OLED_I2C_Init     oled.o
    0x08001cf4   0x08001cf4   0x00000054   Code   RO         3631    i.OLED_I2C_SendByte  oled.o
    0x08001d48   0x08001d48   0x00000034   Code   RO         3632    i.OLED_I2C_Start    oled.o
    0x08001d7c   0x08001d7c   0x00000028   Code   RO         3633    i.OLED_I2C_Stop     oled.o
    0x08001da4   0x08001da4   0x000000ae   Code   RO         3634    i.OLED_Init         oled.o
    0x08001e52   0x08001e52   0x00000002   PAD
    0x08001e54   0x08001e54   0x000000b8   Code   RO         3276    i.OLED_Menu         main.o
    0x08001f0c   0x08001f0c   0x00000108   Code   RO         3277    i.OLED_Menu_SensorData  main.o
    0x08002014   0x08002014   0x00000096   Code   RO         3278    i.OLED_Option       main.o
    0x080020aa   0x080020aa   0x00000014   Code   RO         3635    i.OLED_Pow          oled.o
    0x080020be   0x080020be   0x00000022   Code   RO         3636    i.OLED_SetCursor    oled.o
    0x080020e0   0x080020e0   0x00000104   Code   RO         3279    i.OLED_SetInterfacevoid  main.o
    0x080021e4   0x080021e4   0x00000074   Code   RO         3638    i.OLED_ShowChar     oled.o
    0x08002258   0x08002258   0x0000006c   Code   RO         3639    i.OLED_ShowChinese  oled.o
    0x080022c4   0x080022c4   0x00000044   Code   RO         3641    i.OLED_ShowNum      oled.o
    0x08002308   0x08002308   0x00000028   Code   RO         3643    i.OLED_ShowString   oled.o
    0x08002330   0x08002330   0x00000080   Code   RO         3280    i.OLED_ThresholdTime  main.o
    0x080023b0   0x080023b0   0x00000078   Code   RO         3281    i.OLED_Time_Option  main.o
    0x08002428   0x08002428   0x00000020   Code   RO         3644    i.OLED_WriteCommand  oled.o
    0x08002448   0x08002448   0x00000020   Code   RO         3645    i.OLED_WriteData    oled.o
    0x08002468   0x08002468   0x00000094   Code   RO         4011    i.PWM_Init          pwm.o
    0x080024fc   0x080024fc   0x0000000c   Code   RO         1790    i.PWR_BackupAccessCmd  stm32f10x_pwr.o
    0x08002508   0x08002508   0x00000002   Code   RO         3532    i.PendSV_Handler    stm32f10x_it.o
    0x0800250a   0x0800250a   0x00000002   PAD
    0x0800250c   0x0800250c   0x00000018   Code   RO         1853    i.RCC_ADCCLKConfig  stm32f10x_rcc.o
    0x08002524   0x08002524   0x00000020   Code   RO         1855    i.RCC_APB1PeriphClockCmd  stm32f10x_rcc.o
    0x08002544   0x08002544   0x00000020   Code   RO         1856    i.RCC_APB1PeriphResetCmd  stm32f10x_rcc.o
    0x08002564   0x08002564   0x00000020   Code   RO         1857    i.RCC_APB2PeriphClockCmd  stm32f10x_rcc.o
    0x08002584   0x08002584   0x00000020   Code   RO         1858    i.RCC_APB2PeriphResetCmd  stm32f10x_rcc.o
    0x080025a4   0x080025a4   0x00000014   Code   RO         1861    i.RCC_ClearFlag     stm32f10x_rcc.o
    0x080025b8   0x080025b8   0x000000d4   Code   RO         1865    i.RCC_GetClocksFreq  stm32f10x_rcc.o
    0x0800268c   0x0800268c   0x0000003c   Code   RO         1866    i.RCC_GetFlagStatus  stm32f10x_rcc.o
    0x080026c8   0x080026c8   0x00000034   Code   RO         1873    i.RCC_LSEConfig     stm32f10x_rcc.o
    0x080026fc   0x080026fc   0x0000000c   Code   RO         1874    i.RCC_LSICmd        stm32f10x_rcc.o
    0x08002708   0x08002708   0x0000000c   Code   RO         1880    i.RCC_RTCCLKCmd     stm32f10x_rcc.o
    0x08002714   0x08002714   0x00000010   Code   RO         1881    i.RCC_RTCCLKConfig  stm32f10x_rcc.o
    0x08002724   0x08002724   0x00000014   Code   RO         2058    i.RTC_EnterConfigMode  stm32f10x_rtc.o
    0x08002738   0x08002738   0x00000014   Code   RO         2059    i.RTC_ExitConfigMode  stm32f10x_rtc.o
    0x0800274c   0x0800274c   0x00000014   Code   RO         2060    i.RTC_GetCounter    stm32f10x_rtc.o
    0x08002760   0x08002760   0x0000001c   Code   RO         2066    i.RTC_SetCounter    stm32f10x_rtc.o
    0x0800277c   0x0800277c   0x00000020   Code   RO         2067    i.RTC_SetPrescaler  stm32f10x_rtc.o
    0x0800279c   0x0800279c   0x00000014   Code   RO         2068    i.RTC_WaitForLastTask  stm32f10x_rtc.o
    0x080027b0   0x080027b0   0x00000024   Code   RO         2069    i.RTC_WaitForSynchro  stm32f10x_rtc.o
    0x080027d4   0x080027d4   0x00000002   Code   RO         3533    i.SVC_Handler       stm32f10x_it.o
    0x080027d6   0x080027d6   0x00000002   PAD
    0x080027d8   0x080027d8   0x00000034   Code   RO         3282    i.SetSelection      main.o
    0x0800280c   0x0800280c   0x00000008   Code   RO           24    i.SetSysClock       system_stm32f10x.o
    0x08002814   0x08002814   0x000000e0   Code   RO           25    i.SetSysClockTo72   system_stm32f10x.o
    0x080028f4   0x080028f4   0x00000002   Code   RO         3534    i.SysTick_Handler   stm32f10x_it.o
    0x080028f6   0x080028f6   0x00000002   PAD
    0x080028f8   0x080028f8   0x00000060   Code   RO           27    i.SystemInit        system_stm32f10x.o
    0x08002958   0x08002958   0x000000e8   Code   RO         4026    i.TIM2_IRQHandler   tim2.o
    0x08002a40   0x08002a40   0x00000020   Code   RO         4058    i.TIM3_IRQHandler   tim3.o
    0x08002a60   0x08002a60   0x00000028   Code   RO         3897    i.TIM4_IRQHandler   hc_sr04.o
    0x08002a88   0x08002a88   0x00000006   Code   RO         2495    i.TIM_ClearFlag     stm32f10x_tim.o
    0x08002a8e   0x08002a8e   0x00000006   Code   RO         2496    i.TIM_ClearITPendingBit  stm32f10x_tim.o
    0x08002a94   0x08002a94   0x00000018   Code   RO         2501    i.TIM_Cmd           stm32f10x_tim.o
    0x08002aac   0x08002aac   0x0000001e   Code   RO         2503    i.TIM_CtrlPWMOutputs  stm32f10x_tim.o
    0x08002aca   0x08002aca   0x00000002   PAD
    0x08002acc   0x08002acc   0x000001e8   Code   RO         2506    i.TIM_DeInit        stm32f10x_tim.o
    0x08002cb4   0x08002cb4   0x00000006   Code   RO         2520    i.TIM_GetCounter    stm32f10x_tim.o
    0x08002cba   0x08002cba   0x00000022   Code   RO         2522    i.TIM_GetITStatus   stm32f10x_tim.o
    0x08002cdc   0x08002cdc   0x00000012   Code   RO         2526    i.TIM_ITConfig      stm32f10x_tim.o
    0x08002cee   0x08002cee   0x00000002   PAD
    0x08002cf0   0x08002cf0   0x00000098   Code   RO         2530    i.TIM_OC1Init       stm32f10x_tim.o
    0x08002d88   0x08002d88   0x00000004   Code   RO         2562    i.TIM_SetCompare1   stm32f10x_tim.o
    0x08002d8c   0x08002d8c   0x00000004   Code   RO         2566    i.TIM_SetCounter    stm32f10x_tim.o
    0x08002d90   0x08002d90   0x000000a4   Code   RO         2572    i.TIM_TimeBaseInit  stm32f10x_tim.o
    0x08002e34   0x08002e34   0x00000138   Code   RO         3283    i.ThresholdModification  main.o
    0x08002f6c   0x08002f6c   0x0000010c   Code   RO         3284    i.TimeModification  main.o
    0x08003078   0x08003078   0x0000005e   Code   RO         4027    i.Timer2_Init       tim2.o
    0x080030d6   0x080030d6   0x00000002   PAD
    0x080030d8   0x080030d8   0x0000001c   Code   RO         4086    i.USART1_IRQHandler  usart.o
    0x080030f4   0x080030f4   0x00000028   Code   RO         4087    i.USART2_IRQHandler  usart.o
    0x0800311c   0x0800311c   0x00000018   Code   RO         3040    i.USART_Cmd         stm32f10x_usart.o
    0x08003134   0x08003134   0x0000001a   Code   RO         3043    i.USART_GetFlagStatus  stm32f10x_usart.o
    0x0800314e   0x0800314e   0x00000054   Code   RO         3044    i.USART_GetITStatus  stm32f10x_usart.o
    0x080031a2   0x080031a2   0x0000004a   Code   RO         3046    i.USART_ITConfig    stm32f10x_usart.o
    0x080031ec   0x080031ec   0x000000d8   Code   RO         3047    i.USART_Init        stm32f10x_usart.o
    0x080032c4   0x080032c4   0x0000000a   Code   RO         3054    i.USART_ReceiveData  stm32f10x_usart.o
    0x080032ce   0x080032ce   0x00000008   Code   RO         3057    i.USART_SendData    stm32f10x_usart.o
    0x080032d6   0x080032d6   0x00000002   PAD
    0x080032d8   0x080032d8   0x000000a4   Code   RO         4088    i.Uart1_Init        usart.o
    0x0800337c   0x0800337c   0x000000a4   Code   RO         4089    i.Uart2_Init        usart.o
    0x08003420   0x08003420   0x00000004   Code   RO         3535    i.UsageFault_Handler  stm32f10x_it.o
    0x08003424   0x08003424   0x00000028   Code   RO         4960    i.__ARM_fpclassify  m_ws.l(fpclassify.o)
    0x0800344c   0x0800344c   0x000000aa   Code   RO         4962    i.__kernel_poly     m_ws.l(poly.o)
    0x080034f6   0x080034f6   0x00000002   PAD
    0x080034f8   0x080034f8   0x00000010   Code   RO         4946    i.__mathlib_dbl_divzero  m_ws.l(dunder.o)
    0x08003508   0x08003508   0x00000004   Code   RO         4948    i.__mathlib_dbl_infnan2  m_ws.l(dunder.o)
    0x0800350c   0x0800350c   0x0000000c   Code   RO         4949    i.__mathlib_dbl_invalid  m_ws.l(dunder.o)
    0x08003518   0x08003518   0x0000000e   Code   RO         4950    i.__mathlib_dbl_overflow  m_ws.l(dunder.o)
    0x08003526   0x08003526   0x00000002   PAD
    0x08003528   0x08003528   0x00000010   Code   RO         4952    i.__mathlib_dbl_underflow  m_ws.l(dunder.o)
    0x08003538   0x08003538   0x0000000e   Code   RO         4799    i._is_digit         c_w.l(__printf_wp.o)
    0x08003546   0x08003546   0x00000004   Code   RO         4090    i._sys_exit         usart.o
    0x0800354a   0x0800354a   0x00000028   Code   RO         4271    i.calculateDynamicBitPartLen  gizwits_protocol.o
    0x08003572   0x08003572   0x0000001a   Code   RO         4441    i.exchangeBytes     common.o
    0x0800358c   0x0800358c   0x0000001a   Code   RO         4442    i.exchangeWord      common.o
    0x080035a6   0x080035a6   0x00000002   PAD
    0x080035a8   0x080035a8   0x0000001c   Code   RO         4091    i.fputc             usart.o
    0x080035c4   0x080035c4   0x0000002a   Code   RO         4513    i.gizAcrossByteJudge  datapointtools.o
    0x080035ee   0x080035ee   0x00000032   Code   RO         4514    i.gizByteOrderExchange  datapointtools.o
    0x08003620   0x08003620   0x000002c4   Code   RO         4272    i.gizCheckReport    gizwits_protocol.o
    0x080038e4   0x080038e4   0x00000168   Code   RO         4273    i.gizDataPoint2Event  gizwits_protocol.o
    0x08003a4c   0x08003a4c   0x000002a0   Code   RO         4274    i.gizDataPoints2ReportData  gizwits_protocol.o
    0x08003cec   0x08003cec   0x000000e4   Code   RO         4275    i.gizDevReportPolicy  gizwits_protocol.o
    0x08003dd0   0x08003dd0   0x0000000c   Code   RO         4209    i.gizGetTimerCount  gizwits_product.o
    0x08003ddc   0x08003ddc   0x00000090   Code   RO         4276    i.gizProtocolAckHandle  gizwits_protocol.o
    0x08003e6c   0x08003e6c   0x000000a0   Code   RO         4277    i.gizProtocolCommonAck  gizwits_protocol.o
    0x08003f0c   0x08003f0c   0x000000a4   Code   RO         4278    i.gizProtocolErrorCmd  gizwits_protocol.o
    0x08003fb0   0x08003fb0   0x0000017c   Code   RO         4279    i.gizProtocolGetDeviceInfo  gizwits_protocol.o
    0x0800412c   0x0800412c   0x00000200   Code   RO         4280    i.gizProtocolGetOnePacket  gizwits_protocol.o
    0x0800432c   0x0800432c   0x00000050   Code   RO         4281    i.gizProtocolHeadInit  gizwits_protocol.o
    0x0800437c   0x0800437c   0x00000144   Code   RO         4282    i.gizProtocolIssuedDataAck  gizwits_protocol.o
    0x080044c0   0x080044c0   0x0000017c   Code   RO         4283    i.gizProtocolIssuedProcess  gizwits_protocol.o
    0x0800463c   0x0800463c   0x0000005c   Code   RO         4284    i.gizProtocolModuleInfoHandle  gizwits_protocol.o
    0x08004698   0x08004698   0x00000524   Code   RO         4285    i.gizProtocolModuleStatus  gizwits_protocol.o
    0x08004bbc   0x08004bbc   0x00000090   Code   RO         4286    i.gizProtocolNTP    gizwits_protocol.o
    0x08004c4c   0x08004c4c   0x0000001c   Code   RO         4287    i.gizProtocolReboot  gizwits_protocol.o
    0x08004c68   0x08004c68   0x00000080   Code   RO         4288    i.gizProtocolResendData  gizwits_protocol.o
    0x08004ce8   0x08004ce8   0x00000026   Code   RO         4444    i.gizProtocolSum    common.o
    0x08004d0e   0x08004d0e   0x00000002   PAD
    0x08004d10   0x08004d10   0x00000064   Code   RO         4289    i.gizProtocolWaitAck  gizwits_protocol.o
    0x08004d74   0x08004d74   0x0000004c   Code   RO         4290    i.gizProtocolWaitAckCheck  gizwits_protocol.o
    0x08004dc0   0x08004dc0   0x00000074   Code   RO         4291    i.gizPutData        gizwits_protocol.o
    0x08004e34   0x08004e34   0x000000f8   Code   RO         4292    i.gizReportData     gizwits_protocol.o
    0x08004f2c   0x08004f2c   0x00000010   Code   RO         4210    i.gizTimerMs        gizwits_product.o
    0x08004f3c   0x08004f3c   0x0000007c   Code   RO         4517    i.gizVarlenCompressValue  datapointtools.o
    0x08004fb8   0x08004fb8   0x000000c4   Code   RO         4518    i.gizVarlenDecompressionValue  datapointtools.o
    0x0800507c   0x0800507c   0x0000000c   Code   RO         4519    i.gizX2Y            datapointtools.o
    0x08005088   0x08005088   0x0000000e   Code   RO         4521    i.gizY2X            datapointtools.o
    0x08005096   0x08005096   0x00000002   PAD
    0x08005098   0x08005098   0x0000028c   Code   RO         4211    i.gizwitsEventProcess  gizwits_product.o
    0x08005324   0x08005324   0x0000037c   Code   RO         4295    i.gizwitsHandle     gizwits_protocol.o
    0x080056a0   0x080056a0   0x00000064   Code   RO         4296    i.gizwitsInit       gizwits_protocol.o
    0x08005704   0x08005704   0x00000288   Code   RO         4298    i.gizwitsSetMode    gizwits_protocol.o
    0x0800598c   0x0800598c   0x000001d4   Code   RO         3285    i.main              main.o
    0x08005b60   0x08005b60   0x0000000a   Code   RO         4212    i.mcuRestart        gizwits_product.o
    0x08005b6a   0x08005b6a   0x00000002   PAD
    0x08005b6c   0x08005b6c   0x000009d8   Code   RO         4870    i.pow               m_ws.l(pow.o)
    0x08006544   0x08006544   0x0000003a   Code   RO         4633    i.rbCanRead         ringbuffer.o
    0x0800657e   0x0800657e   0x0000001e   Code   RO         4634    i.rbCanWrite        ringbuffer.o
    0x0800659c   0x0800659c   0x0000000e   Code   RO         4635    i.rbCapacity        ringbuffer.o
    0x080065aa   0x080065aa   0x00000014   Code   RO         4636    i.rbCreate          ringbuffer.o
    0x080065be   0x080065be   0x000000be   Code   RO         4638    i.rbRead            ringbuffer.o
    0x0800667c   0x0800667c   0x0000001e   Code   RO         4639    i.rbReadIndicator   ringbuffer.o
    0x0800669a   0x0800669a   0x000000ba   Code   RO         4640    i.rbWrite           ringbuffer.o
    0x08006754   0x08006754   0x0000001e   Code   RO         4641    i.rbWriteIndicator  ringbuffer.o
    0x08006772   0x08006772   0x00000002   PAD
    0x08006774   0x08006774   0x00000028   Code   RO         3286    i.sensorScan        main.o
    0x0800679c   0x0800679c   0x0000004c   Code   RO         4966    i.sqrt              m_ws.l(sqrt.o)
    0x080067e8   0x080067e8   0x000000b4   Code   RO         4213    i.uartWrite         gizwits_product.o
    0x0800689c   0x0800689c   0x0000002c   Code   RO         4214    i.userHandle        gizwits_product.o
    0x080068c8   0x080068c8   0x00000034   Code   RO         4215    i.userInit          gizwits_product.o
    0x080068fc   0x080068fc   0x00000150   Code   RO         4923    x$fpl$dadd          fz_ws.l(daddsub_clz.o)
    0x08006a4c   0x08006a4c   0x00000010   Code   RO         5074    x$fpl$dcheck1       fz_ws.l(dcheck1.o)
    0x08006a5c   0x08006a5c   0x00000018   Code   RO         5108    x$fpl$dcmpinf       fz_ws.l(dcmpi.o)
    0x08006a74   0x08006a74   0x000002b0   Code   RO         4930    x$fpl$ddiv          fz_ws.l(ddiv.o)
    0x08006d24   0x08006d24   0x0000005a   Code   RO         4833    x$fpl$dfixu         fz_ws.l(dfixu.o)
    0x08006d7e   0x08006d7e   0x0000002e   Code   RO         4838    x$fpl$dflt          fz_ws.l(dflt_clz.o)
    0x08006dac   0x08006dac   0x00000026   Code   RO         4837    x$fpl$dfltu         fz_ws.l(dflt_clz.o)
    0x08006dd2   0x08006dd2   0x00000002   PAD
    0x08006dd4   0x08006dd4   0x00000078   Code   RO         5076    x$fpl$dleqf         fz_ws.l(dleqf.o)
    0x08006e4c   0x08006e4c   0x00000154   Code   RO         4843    x$fpl$dmul          fz_ws.l(dmul.o)
    0x08006fa0   0x08006fa0   0x0000009c   Code   RO         4933    x$fpl$dnaninf       fz_ws.l(dnaninf.o)
    0x0800703c   0x0800703c   0x0000000c   Code   RO         4935    x$fpl$dretinf       fz_ws.l(dretinf.o)
    0x08007048   0x08007048   0x0000006c   Code   RO         4937    x$fpl$drleqf        fz_ws.l(drleqf.o)
    0x080070b4   0x080070b4   0x00000016   Code   RO         4924    x$fpl$drsb          fz_ws.l(daddsub_clz.o)
    0x080070ca   0x080070ca   0x00000002   PAD
    0x080070cc   0x080070cc   0x000001cc   Code   RO         5078    x$fpl$dsqrt         fz_ws.l(dsqrt_noumaal.o)
    0x08007298   0x08007298   0x000001d4   Code   RO         4925    x$fpl$dsub          fz_ws.l(daddsub_clz.o)
    0x0800746c   0x0800746c   0x00000056   Code   RO         4845    x$fpl$f2d           fz_ws.l(f2d.o)
    0x080074c2   0x080074c2   0x00000002   PAD
    0x080074c4   0x080074c4   0x000000c4   Code   RO         4847    x$fpl$fadd          fz_ws.l(faddsub_clz.o)
    0x08007588   0x08007588   0x00000184   Code   RO         4854    x$fpl$fdiv          fz_ws.l(fdiv.o)
    0x0800770c   0x0800770c   0x00000026   Code   RO         4861    x$fpl$ffltu         fz_ws.l(fflt_clz.o)
    0x08007732   0x08007732   0x00000002   PAD
    0x08007734   0x08007734   0x00000102   Code   RO         4867    x$fpl$fmul          fz_ws.l(fmul.o)
    0x08007836   0x08007836   0x0000008c   Code   RO         4939    x$fpl$fnaninf       fz_ws.l(fnaninf.o)
    0x080078c2   0x080078c2   0x0000000a   Code   RO         4941    x$fpl$fretinf       fz_ws.l(fretinf.o)
    0x080078cc   0x080078cc   0x000000ea   Code   RO         4849    x$fpl$fsub          fz_ws.l(faddsub_clz.o)
    0x080079b6   0x080079b6   0x00000064   Code   RO         5112    x$fpl$retnan        fz_ws.l(retnan.o)
    0x08007a1a   0x08007a1a   0x0000005c   Code   RO         4943    x$fpl$scalbn        fz_ws.l(scalbn.o)
    0x08007a76   0x08007a76   0x00000030   Code   RO         5145    x$fpl$trapveneer    fz_ws.l(trapv.o)
    0x08007aa6   0x08007aa6   0x00000000   Code   RO         4945    x$fpl$usenofp       fz_ws.l(usenofp.o)
    0x08007aa6   0x08007aa6   0x00000a30   Data   RO         3646    .constdata          oled.o
    0x080084d6   0x080084d6   0x00000028   Data   RO         4772    .constdata          c_w.l(_printf_hex_int.o)
    0x080084fe   0x080084fe   0x00000011   Data   RO         4802    .constdata          c_w.l(__printf_flags_wp.o)
    0x0800850f   0x0800850f   0x00000001   PAD
    0x08008510   0x08008510   0x00000088   Data   RO         4871    .constdata          m_ws.l(pow.o)
    0x08008598   0x08008598   0x0000000c   Data   RO         4920    .constdata          c_w.l(_monlen.o)
    0x080085a4   0x080085a4   0x00000004   PAD
    0x080085a8   0x080085a8   0x00000008   Data   RO         4964    .constdata          m_ws.l(qnan.o)
    0x080085b0   0x080085b0   0x00000020   Data   RO         5177    Region$$Table       anon$$obj.o


    Execution Region RW_IRAM1 (Exec base: 0x20000000, Load base: 0x080085d0, Size: 0x00000df0, Max: 0x00005000, ABSOLUTE)

    Exec Addr    Load Addr    Size         Type   Attr      Idx    E Section Name        Object

    0x20000000   0x080085d0   0x00000014   Data   RW         1885    .data               stm32f10x_rcc.o
    0x20000014   0x080085e4   0x00000012   Data   RW         3287    .data               main.o
    0x20000026   0x080085f6   0x00000001   Data   RW         3752    .data               dht11.o
    0x20000027   0x080085f7   0x00000001   Data   RW         3800    .data               led.o
    0x20000028   0x080085f8   0x0000001a   Data   RW         3844    .data               key.o
    0x20000042   0x08008612   0x00000002   PAD
    0x20000044   0x08008614   0x00000010   Data   RW         3899    .data               hc_sr04.o
    0x20000054   0x08008624   0x00000001   Data   RW         3939    .data               buzzer.o
    0x20000055   0x08008625   0x00000003   PAD
    0x20000058   0x08008628   0x00000005   Data   RW         4028    .data               tim2.o
    0x2000005d   0x0800862d   0x00000003   PAD
    0x20000060   0x08008630   0x00000006   Data   RW         4093    .data               usart.o
    0x20000066   0x08008636   0x0000000c   Data   RW         4142    .data               myrtc.o
    0x20000072   0x08008642   0x00000002   PAD
    0x20000074   0x08008644   0x00000006   Data   RW         4217    .data               gizwits_product.o
    0x2000007a   0x0800864a   0x00000002   PAD
    0x2000007c   0x0800864c   0x00000010   Data   RW         4300    .data               gizwits_protocol.o
    0x2000008c        -       0x00000024   Zero   RW         4216    .bss                gizwits_product.o
    0x200000b0        -       0x000006b0   Zero   RW         4299    .bss                gizwits_protocol.o
    0x20000760        -       0x0000002c   Zero   RW         4825    .bss                c_w.l(localtime.o)
    0x2000078c        -       0x00000060   Zero   RW         4974    .bss                c_w.l(libspace.o)
    0x200007ec   0x0800865c   0x00000004   PAD
    0x200007f0        -       0x00000200   Zero   RW            2    HEAP                startup_stm32f10x_md.o
    0x200009f0        -       0x00000400   Zero   RW            1    STACK               startup_stm32f10x_md.o


==============================================================================

Image component sizes


      Code (inc. data)   RO Data    RW Data    ZI Data      Debug   Object Name

       160          8          0          0          0       1091   adcx.o
       108         26          0          1          0       1517   buzzer.o
        90          0          0          0          0       3292   common.o
         0          0          0          0          0       4500   core_cm3.o
       438          0          0          0          0       4817   datapointtools.o
        70          0          0          0          0        898   delay.o
       486         26          0          1          0       3656   dht11.o
        58          0          0          0          0       1036   flash.o
       966        376          0          6         36      28026   gizwits_product.o
      8040       2598          0         16       1712      20075   gizwits_protocol.o
       520         52          0         16          0       4052   hc_sr04.o
        80         12          0          0          0       1221   hc_sr501.o
       116         38          0          0          0        456   iwdg.o
       732         78          0         26          0       2119   key.o
       246         26          0          0          0       2279   ldr.o
       484         44          0          1          0       1826   led.o
      2246        158          0         18          0     246820   main.o
       132         22          0          0          0     212903   misc_1.o
       262         10          0         12          0       2943   myrtc.o
       906         30       2608          0          0       8073   oled.o
       148          4          0          0          0        679   pwm.o
       558          0          0          0          0       5445   ringbuffer.o
        64         26        236          0       1536        804   startup_stm32f10x_md.o
       394         10          0          0          0     219813   stm32f10x_adc.o
        56         10          0          0          0      11047   stm32f10x_bkp.o
       286         36          0          0          0       9900   stm32f10x_flash.o
       314          0          0          0          0      12248   stm32f10x_gpio.o
        26          0          0          0          0       3630   stm32f10x_it.o
        68         30          0          0          0       2230   stm32f10x_iwdg.o
        12          6          0          0          0        466   stm32f10x_pwr.o
       536         82          0         20          0      17335   stm32f10x_rcc.o
       176         34          0          0          0       3199   stm32f10x_rtc.o
       936        126          0          0          0      27434   stm32f10x_tim.o
       442          6          0          0          0      11761   stm32f10x_usart.o
       328         28          0          0          0      39113   system_stm32f10x.o
       326         28          0          5          0       1474   tim2.o
       158         12          0          0          0       1781   tim3.o
       428         32          0          6          0       5034   usart.o

    ----------------------------------------------------------------------
     21438       3974       2876        140       3284     924993   Object Totals
         0          0         32          0          0          0   (incl. Generated)
        42          0          0         12          0          0   (incl. Padding)

    ----------------------------------------------------------------------

      Code (inc. data)   RO Data    RW Data    ZI Data      Debug   Library Member Name

         8          0          0          0          0         68   __main.o
       312          4         17          0          0         92   __printf_flags_wp.o
        14          0          0          0          0         68   __printf_wp.o
         0          0          0          0          0          0   __rtentry.o
        12          0          0          0          0          0   __rtentry2.o
         6          0          0          0          0          0   __rtentry4.o
        52          8          0          0          0          0   __scatter.o
        26          0          0          0          0          0   __scatter_copy.o
        28          0          0          0          0          0   __scatter_zi.o
         0          0         12          0          0          0   _monlen.o
        48          6          0          0          0         96   _printf_char_common.o
        36          4          0          0          0         80   _printf_char_file.o
         6          0          0          0          0          0   _printf_d.o
       120         16          0          0          0         92   _printf_dec.o
        88          4         40          0          0         88   _printf_hex_int.o
       178          0          0          0          0         88   _printf_intcommon.o
        78          0          0          0          0        108   _printf_pad.o
         0          0          0          0          0          0   _printf_percent.o
         4          0          0          0          0          0   _printf_percent_end.o
         6          0          0          0          0          0   _printf_x.o
        22          0          0          0          0        100   _rserrno.o
        16          0          0          0          0         68   aeabi_memset.o
        18          0          0          0          0         80   exit.o
         8          0          0          0          0         68   ferror.o
        78          0          0          0          0         80   h1_free.o
         6          0          0          0          0        152   heapauxi.o
         2          0          0          0          0          0   libinit.o
         2          0          0          0          0          0   libinit2.o
         2          0          0          0          0          0   libshutdown.o
         2          0          0          0          0          0   libshutdown2.o
         8          4          0          0         96         68   libspace.o
        12          6          0          0         44         68   localtime.o
       184          6          0          0          0         80   localtime_internal.o
       428         10          0          0          0        116   mktime.o
        24          4          0          0          0         84   noretval__2printf.o
         8          4          0          0          0         68   rt_errno_addr_intlibspace.o
         8          4          0          0          0         68   rt_heap_descriptor_intlibspace.o
        68          0          0          0          0         68   rt_memclr.o
        78          0          0          0          0         80   rt_memclr_w.o
       138          0          0          0          0         68   rt_memcpy_v6.o
       100          0          0          0          0         80   rt_memcpy_w.o
         2          0          0          0          0          0   rtexit.o
        10          0          0          0          0          0   rtexit2.o
        74          0          0          0          0         80   sys_stackheap_outer.o
         2          0          0          0          0         68   use_no_semi.o
         2          0          0          0          0         68   use_no_semi_2.o
       826         16          0          0          0        348   daddsub_clz.o
        16          4          0          0          0         68   dcheck1.o
        24          0          0          0          0         68   dcmpi.o
       688        140          0          0          0        208   ddiv.o
        90          4          0          0          0         92   dfixu.o
        84          0          0          0          0        136   dflt_clz.o
       120          4          0          0          0         92   dleqf.o
       340         12          0          0          0        104   dmul.o
       156          4          0          0          0         92   dnaninf.o
        12          0          0          0          0         68   dretinf.o
       108          0          0          0          0         80   drleqf.o
       460         56          0          0          0        120   dsqrt_noumaal.o
        86          4          0          0          0         84   f2d.o
       430          8          0          0          0        168   faddsub_clz.o
       388         76          0          0          0         96   fdiv.o
        38          0          0          0          0         68   fflt_clz.o
       258          4          0          0          0         84   fmul.o
       140          4          0          0          0         84   fnaninf.o
        10          0          0          0          0         68   fretinf.o
       100          0          0          0          0         68   retnan.o
        92          0          0          0          0         68   scalbn.o
        48          0          0          0          0         68   trapv.o
         0          0          0          0          0          0   usenofp.o
        62         10          0          0          0        340   dunder.o
        40          0          0          0          0         68   fpclassify.o
       170          0          0          0          0         96   poly.o
      2520        190        136          0          0        324   pow.o
         0          0          8          0          0          0   qnan.o
        76          0          0          0          0         84   sqrt.o

    ----------------------------------------------------------------------
      9724        616        218          0        144       5636   Library Totals
        18          0          5          0          4          0   (incl. Padding)

    ----------------------------------------------------------------------

      Code (inc. data)   RO Data    RW Data    ZI Data      Debug   Library Name

      2324         80         69          0        140       2392   c_w.l
      4514        336          0          0          0       2332   fz_ws.l
      2868        200        144          0          0        912   m_ws.l

    ----------------------------------------------------------------------
      9724        616        218          0        144       5636   Library Totals

    ----------------------------------------------------------------------

==============================================================================


      Code (inc. data)   RO Data    RW Data    ZI Data      Debug   

     31162       4590       3094        140       3428     917209   Grand Totals
     31162       4590       3094        140       3428     917209   ELF Image Totals
     31162       4590       3094        140          0          0   ROM Totals

==============================================================================

    Total RO  Size (Code + RO Data)                34256 (  33.45kB)
    Total RW  Size (RW Data + ZI Data)              3568 (   3.48kB)
    Total ROM Size (Code + RO Data + RW Data)      34396 (  33.59kB)

==============================================================================

